Component: ARM Compiler 5.06 update 7 (build 960) Tool: armlink [4d3601]

==============================================================================

Section Cross References

    main.o(i.main) refers to implement.o(i.System_Init) for System_Init
    main.o(i.main) refers to implement.o(i.UsrFunction) for UsrFunction
    systick.o(i.SysTick_Handler) refers to systick.o(i.delay_decrement) for delay_decrement
    systick.o(i.SysTick_Handler) refers to scheduler_1.o(i.scheduler_tick) for scheduler_tick
    systick.o(i.delay_1ms) refers to systick.o(.data) for delay
    systick.o(i.delay_decrement) refers to systick.o(.data) for delay
    systick.o(i.systick_config) refers to systick.o(i.NVIC_SetPriority) for NVIC_SetPriority
    systick.o(i.systick_config) refers to scheduler_1.o(i.scheduler_init) for scheduler_init
    systick.o(i.systick_config) refers to system_gd32f4xx.o(.data) for SystemCoreClock
    led.o(i.LED_Init) refers to gd32f4xx_rcu.o(i.rcu_periph_clock_enable) for rcu_periph_clock_enable
    led.o(i.LED_Init) refers to gd32f4xx_gpio.o(i.gpio_mode_set) for gpio_mode_set
    led.o(i.LED_Init) refers to gd32f4xx_gpio.o(i.gpio_output_options_set) for gpio_output_options_set
    led.o(i.LED_Init) refers to gd32f4xx_gpio.o(i.gpio_bit_reset) for gpio_bit_reset
    led.o(i.all_leds_off) refers to gd32f4xx_gpio.o(i.gpio_bit_reset) for gpio_bit_reset
    led.o(i.all_leds_on) refers to gd32f4xx_gpio.o(i.gpio_bit_set) for gpio_bit_set
    led.o(i.led1_task) refers to led.o(i.led_toggle) for led_toggle
    led.o(i.led2_task) refers to led.o(i.led_toggle) for led_toggle
    led.o(i.led2_task) refers to printf8.o(i.__0printf$8) for __2printf
    led.o(i.led3_task) refers to led.o(i.led_toggle) for led_toggle
    led.o(i.led3_task) refers to printf8.o(i.__0printf$8) for __2printf
    led.o(i.led4_task) refers to led.o(i.led_toggle) for led_toggle
    led.o(i.led4_task) refers to printf8.o(i.__0printf$8) for __2printf
    led.o(i.led_control) refers to gd32f4xx_gpio.o(i.gpio_bit_set) for gpio_bit_set
    led.o(i.led_control) refers to gd32f4xx_gpio.o(i.gpio_bit_reset) for gpio_bit_reset
    led.o(i.led_toggle) refers to led.o(i.led_control) for led_control
    led.o(i.led_toggle) refers to led.o(.data) for led_states
    led.o(i.turn_on_led) refers to gd32f4xx_gpio.o(i.gpio_bit_set) for gpio_bit_set
    led.o(i.turn_on_led) refers to gd32f4xx_gpio.o(i.gpio_bit_reset) for gpio_bit_reset
    key.o(i.KEY_Init) refers to gd32f4xx_rcu.o(i.rcu_periph_clock_enable) for rcu_periph_clock_enable
    key.o(i.KEY_Init) refers to gd32f4xx_gpio.o(i.gpio_mode_set) for gpio_mode_set
    key.o(i.KEY_Stat) refers to gd32f4xx_gpio.o(i.gpio_input_bit_get) for gpio_input_bit_get
    key.o(i.KEY_Stat) refers to systick.o(i.delay_1ms) for delay_1ms
    oled.o(i.I2C_Start) refers to gd32f4xx_gpio.o(i.gpio_mode_set) for gpio_mode_set
    oled.o(i.I2C_Start) refers to gd32f4xx_gpio.o(i.gpio_output_options_set) for gpio_output_options_set
    oled.o(i.I2C_Start) refers to gd32f4xx_gpio.o(i.gpio_bit_set) for gpio_bit_set
    oled.o(i.I2C_Start) refers to oled.o(i.IIC_delay) for IIC_delay
    oled.o(i.I2C_Start) refers to gd32f4xx_gpio.o(i.gpio_bit_reset) for gpio_bit_reset
    oled.o(i.I2C_Stop) refers to gd32f4xx_gpio.o(i.gpio_mode_set) for gpio_mode_set
    oled.o(i.I2C_Stop) refers to gd32f4xx_gpio.o(i.gpio_output_options_set) for gpio_output_options_set
    oled.o(i.I2C_Stop) refers to gd32f4xx_gpio.o(i.gpio_bit_reset) for gpio_bit_reset
    oled.o(i.I2C_Stop) refers to gd32f4xx_gpio.o(i.gpio_bit_set) for gpio_bit_set
    oled.o(i.I2C_Stop) refers to oled.o(i.IIC_delay) for IIC_delay
    oled.o(i.I2C_WaitAck) refers to gd32f4xx_gpio.o(i.gpio_bit_set) for gpio_bit_set
    oled.o(i.I2C_WaitAck) refers to oled.o(i.IIC_delay) for IIC_delay
    oled.o(i.I2C_WaitAck) refers to gd32f4xx_gpio.o(i.gpio_mode_set) for gpio_mode_set
    oled.o(i.I2C_WaitAck) refers to oled.o(i.I2C_Stop) for I2C_Stop
    oled.o(i.I2C_WaitAck) refers to gd32f4xx_gpio.o(i.gpio_input_bit_get) for gpio_input_bit_get
    oled.o(i.I2C_WaitAck) refers to gd32f4xx_gpio.o(i.gpio_bit_reset) for gpio_bit_reset
    oled.o(i.I2C_WaitAck) refers to gd32f4xx_gpio.o(i.gpio_output_options_set) for gpio_output_options_set
    oled.o(i.OLED_Clear) refers to oled.o(i.OLED_Refresh) for OLED_Refresh
    oled.o(i.OLED_Clear) refers to oled.o(.bss) for OLED_GRAM
    oled.o(i.OLED_ClearPoint) refers to oled.o(.bss) for OLED_GRAM
    oled.o(i.OLED_ColorTurn) refers to oled.o(i.OLED_WR_Byte) for OLED_WR_Byte
    oled.o(i.OLED_DisPlay_Off) refers to oled.o(i.OLED_WR_Byte) for OLED_WR_Byte
    oled.o(i.OLED_DisPlay_On) refers to oled.o(i.OLED_WR_Byte) for OLED_WR_Byte
    oled.o(i.OLED_DisplayTurn) refers to oled.o(i.OLED_WR_Byte) for OLED_WR_Byte
    oled.o(i.OLED_DrawCircle) refers to oled.o(i.OLED_DrawPoint) for OLED_DrawPoint
    oled.o(i.OLED_DrawLine) refers to oled.o(i.OLED_DrawPoint) for OLED_DrawPoint
    oled.o(i.OLED_DrawPoint) refers to oled.o(.bss) for OLED_GRAM
[...]
    Removing gd32f4xx_tli.o(i.tli_dither_config), (36 bytes).
    Removing gd32f4xx_tli.o(i.tli_enable), (20 bytes).
    Removing gd32f4xx_tli.o(i.tli_flag_get), (36 bytes).
    Removing gd32f4xx_tli.o(i.tli_init), (188 bytes).
    Removing gd32f4xx_tli.o(i.tli_interrupt_disable), (16 bytes).
    Removing gd32f4xx_tli.o(i.tli_interrupt_enable), (16 bytes).
    Removing gd32f4xx_tli.o(i.tli_interrupt_flag_clear), (16 bytes).
    Removing gd32f4xx_tli.o(i.tli_interrupt_flag_get), (36 bytes).
    Removing gd32f4xx_tli.o(i.tli_layer_disable), (14 bytes).
    Removing gd32f4xx_tli.o(i.tli_layer_enable), (14 bytes).
    Removing gd32f4xx_tli.o(i.tli_layer_init), (152 bytes).
    Removing gd32f4xx_tli.o(i.tli_layer_struct_para_init), (48 bytes).
    Removing gd32f4xx_tli.o(i.tli_layer_window_offset_modify), (228 bytes).
    Removing gd32f4xx_tli.o(i.tli_line_mark_set), (24 bytes).
    Removing gd32f4xx_tli.o(i.tli_lut_disable), (14 bytes).
    Removing gd32f4xx_tli.o(i.tli_lut_enable), (14 bytes).
    Removing gd32f4xx_tli.o(i.tli_lut_init), (28 bytes).
    Removing gd32f4xx_tli.o(i.tli_lut_struct_para_init), (12 bytes).
    Removing gd32f4xx_tli.o(i.tli_reload_config), (36 bytes).
    Removing gd32f4xx_tli.o(i.tli_struct_para_init), (34 bytes).
    Removing gd32f4xx_trng.o(.rev16_text), (4 bytes).
    Removing gd32f4xx_trng.o(.revsh_text), (4 bytes).
    Removing gd32f4xx_trng.o(i.trng_deinit), (20 bytes).
    Removing gd32f4xx_trng.o(i.trng_disable), (20 bytes).
    Removing gd32f4xx_trng.o(i.trng_enable), (20 bytes).
    Removing gd32f4xx_trng.o(i.trng_flag_get), (24 bytes).
    Removing gd32f4xx_trng.o(i.trng_get_true_random_data), (12 bytes).
    Removing gd32f4xx_trng.o(i.trng_interrupt_disable), (20 bytes).
    Removing gd32f4xx_trng.o(i.trng_interrupt_enable), (20 bytes).
    Removing gd32f4xx_trng.o(i.trng_interrupt_flag_clear), (16 bytes).
    Removing gd32f4xx_trng.o(i.trng_interrupt_flag_get), (24 bytes).
    Removing gd32f4xx_usart.o(.rev16_text), (4 bytes).
    Removing gd32f4xx_usart.o(.revsh_text), (4 bytes).
    Removing gd32f4xx_usart.o(i.usart_address_config), (20 bytes).
    Removing gd32f4xx_usart.o(i.usart_block_length_config), (28 bytes).
    Removing gd32f4xx_usart.o(i.usart_break_frame_coherence_config), (24 bytes).
    Removing gd32f4xx_usart.o(i.usart_data_first_config), (20 bytes).
    Removing gd32f4xx_usart.o(i.usart_disable), (10 bytes).
    Removing gd32f4xx_usart.o(i.usart_dma_receive_config), (20 bytes).
    Removing gd32f4xx_usart.o(i.usart_dma_transmit_config), (20 bytes).
    Removing gd32f4xx_usart.o(i.usart_flag_clear), (52 bytes).
    Removing gd32f4xx_usart.o(i.usart_guard_time_config), (24 bytes).
    Removing gd32f4xx_usart.o(i.usart_halfduplex_disable), (10 bytes).
    Removing gd32f4xx_usart.o(i.usart_halfduplex_enable), (10 bytes).
    Removing gd32f4xx_usart.o(i.usart_hardware_flow_coherence_config), (24 bytes).
    Removing gd32f4xx_usart.o(i.usart_interrupt_disable), (26 bytes).
    Removing gd32f4xx_usart.o(i.usart_interrupt_enable), (26 bytes).
    Removing gd32f4xx_usart.o(i.usart_invert_config), (104 bytes).
    Removing gd32f4xx_usart.o(i.usart_irda_lowpower_config), (20 bytes).
    Removing gd32f4xx_usart.o(i.usart_irda_mode_disable), (10 bytes).
    Removing gd32f4xx_usart.o(i.usart_irda_mode_enable), (10 bytes).
    Removing gd32f4xx_usart.o(i.usart_lin_break_detection_length_config), (20 bytes).
    Removing gd32f4xx_usart.o(i.usart_lin_mode_disable), (10 bytes).
    Removing gd32f4xx_usart.o(i.usart_lin_mode_enable), (10 bytes).
    Removing gd32f4xx_usart.o(i.usart_mute_mode_disable), (10 bytes).
    Removing gd32f4xx_usart.o(i.usart_mute_mode_enable), (10 bytes).
    Removing gd32f4xx_usart.o(i.usart_mute_mode_wakeup_config), (16 bytes).
    Removing gd32f4xx_usart.o(i.usart_oversample_config), (16 bytes).
    Removing gd32f4xx_usart.o(i.usart_parity_check_coherence_config), (24 bytes).
    Removing gd32f4xx_usart.o(i.usart_prescaler_config), (16 bytes).
    Removing gd32f4xx_usart.o(i.usart_receiver_timeout_disable), (14 bytes).
    Removing gd32f4xx_usart.o(i.usart_receiver_timeout_enable), (14 bytes).
    Removing gd32f4xx_usart.o(i.usart_receiver_timeout_threshold_config), (20 bytes).
    Removing gd32f4xx_usart.o(i.usart_sample_bit_config), (16 bytes).
    Removing gd32f4xx_usart.o(i.usart_send_break), (10 bytes).
    Removing gd32f4xx_usart.o(i.usart_smartcard_autoretry_config), (26 bytes).
    Removing gd32f4xx_usart.o(i.usart_smartcard_mode_disable), (10 bytes).
    Removing gd32f4xx_usart.o(i.usart_smartcard_mode_enable), (10 bytes).
    Removing gd32f4xx_usart.o(i.usart_smartcard_mode_nack_disable), (10 bytes).
    Removing gd32f4xx_usart.o(i.usart_smartcard_mode_nack_enable), (10 bytes).
    Removing gd32f4xx_usart.o(i.usart_synchronous_clock_config), (34 bytes).
    Removing gd32f4xx_usart.o(i.usart_synchronous_clock_disable), (10 bytes).
    Removing gd32f4xx_usart.o(i.usart_synchronous_clock_enable), (10 bytes).
    Removing gd32f4xx_wwdgt.o(.rev16_text), (4 bytes).
    Removing gd32f4xx_wwdgt.o(.revsh_text), (4 bytes).
    Removing gd32f4xx_wwdgt.o(i.wwdgt_config), (28 bytes).
    Removing gd32f4xx_wwdgt.o(i.wwdgt_counter_update), (16 bytes).
    Removing gd32f4xx_wwdgt.o(i.wwdgt_deinit), (20 bytes).
    Removing gd32f4xx_wwdgt.o(i.wwdgt_enable), (20 bytes).
    Removing gd32f4xx_wwdgt.o(i.wwdgt_flag_clear), (12 bytes).
    Removing gd32f4xx_wwdgt.o(i.wwdgt_flag_get), (24 bytes).
    Removing gd32f4xx_wwdgt.o(i.wwdgt_interrupt_enable), (20 bytes).
    Removing startup_gd32f450_470.o(HEAP), (1024 bytes).
    Removing scheduler_1.o(.rev16_text), (4 bytes).
    Removing scheduler_1.o(.revsh_text), (4 bytes).
    Removing dadd.o(.text), (334 bytes).
    Removing dmul.o(.text), (228 bytes).
    Removing ddiv.o(.text), (222 bytes).
    Removing dfixul.o(.text), (48 bytes).
    Removing cdrcmple.o(.text), (48 bytes).
    Removing depilogue.o(.text), (186 bytes).

924 unused section(s) (total 56318 bytes) removed from the image.

==============================================================================

Image Symbol Table

    Local Symbols

    Symbol Name                              Value     Ov Type        Size  Object(Section)

    ../clib/../cmprslib/zerorunl2.c          0x00000000   Number         0  __dczerorl2.o ABSOLUTE
    ../clib/microlib/division.c              0x00000000   Number         0  uldiv.o ABSOLUTE
    ../clib/microlib/division.c              0x00000000   Number         0  uidiv.o ABSOLUTE
    ../clib/microlib/init/entry.s            0x00000000   Number         0  entry10b.o ABSOLUTE
    ../clib/microlib/init/entry.s            0x00000000   Number         0  entry8b.o ABSOLUTE
    ../clib/microlib/init/entry.s            0x00000000   Number         0  entry2.o ABSOLUTE
    ../clib/microlib/init/entry.s            0x00000000   Number         0  entry.o ABSOLUTE
    ../clib/microlib/init/entry.s            0x00000000   Number         0  entry7a.o ABSOLUTE
    ../clib/microlib/init/entry.s            0x00000000   Number         0  entry5.o ABSOLUTE
    ../clib/microlib/init/entry.s            0x00000000   Number         0  entry9a.o ABSOLUTE
    ../clib/microlib/init/entry.s            0x00000000   Number         0  entry9b.o ABSOLUTE
    ../clib/microlib/init/entry.s            0x00000000   Number         0  entry12b.o ABSOLUTE
    ../clib/microlib/init/entry.s            0x00000000   Number         0  entry12a.o ABSOLUTE
    ../clib/microlib/init/entry.s            0x00000000   Number         0  entry11b.o ABSOLUTE
    ../clib/microlib/init/entry.s            0x00000000   Number         0  entry10a.o ABSOLUTE
    ../clib/microlib/init/entry.s            0x00000000   Number         0  entry7b.o ABSOLUTE
    ../clib/microlib/init/entry.s            0x00000000   Number         0  entry11a.o ABSOLUTE
    ../clib/microlib/init/entry.s            0x00000000   Number         0  entry8a.o ABSOLUTE
    ../clib/microlib/longlong.c              0x00000000   Number         0  llushr.o ABSOLUTE
    ../clib/microlib/longlong.c              0x00000000   Number         0  llshl.o ABSOLUTE
    ../clib/microlib/longlong.c              0x00000000   Number         0  llsshr.o ABSOLUTE
    ../clib/microlib/printf/printf.c         0x00000000   Number         0  printf0.o ABSOLUTE
    ../clib/microlib/printf/printf.c         0x00000000   Number         0  printf4.o ABSOLUTE
    ../clib/microlib/printf/printf.c         0x00000000   Number         0  printf1.o ABSOLUTE
    ../clib/microlib/printf/printf.c         0x00000000   Number         0  printfb.o ABSOLUTE
    ../clib/microlib/printf/printf.c         0x00000000   Number         0  printf2.o ABSOLUTE
    ../clib/microlib/printf/printf.c         0x00000000   Number         0  printf3.o ABSOLUTE
    ../clib/microlib/printf/printf.c         0x00000000   Number         0  printf5.o ABSOLUTE
    ../clib/microlib/printf/printf.c         0x00000000   Number         0  printf6.o ABSOLUTE
    ../clib/microlib/printf/printf.c         0x00000000   Number         0  printf7.o ABSOLUTE
    ../clib/microlib/printf/printf.c         0x00000000   Number         0  printf8.o ABSOLUTE
    ../clib/microlib/printf/printf.c         0x00000000   Number         0  printfa.o ABSOLUTE
    ../clib/microlib/printf/stubs.s          0x00000000   Number         0  stubs.o ABSOLUTE
    ../clib/microlib/stdio/streams.c         0x00000000   Number         0  stdout.o ABSOLUTE
    ../clib/microlib/string/memset.c         0x00000000   Number         0  memseta.o ABSOLUTE
    ../clib/microlib/stubs.s                 0x00000000   Number         0  iusefp.o ABSOLUTE
    ../fplib/microlib/fpadd.c                0x00000000   Number         0  dadd.o ABSOLUTE
    ../fplib/microlib/fpdiv.c                0x00000000   Number         0  ddiv.o ABSOLUTE
    ../fplib/microlib/fpepilogue.c           0x00000000   Number         0  depilogue.o ABSOLUTE
    ../fplib/microlib/fpfix.c                0x00000000   Number         0  dfixul.o ABSOLUTE
    ../fplib/microlib/fpmul.c                0x00000000   Number         0  dmul.o ABSOLUTE
    ..\CMSIS\GD\GD32F4xx\Source\ARM\startup_gd32f450_470.s 0x00000000   Number         0  startup_gd32f450_470.o ABSOLUTE
    ..\CMSIS\GD\GD32F4xx\Source\system_gd32f4xx.c 0x00000000   Number         0  system_gd32f4xx.o ABSOLUTE
    ..\HardWare\KEY\KEY.c                    0x00000000   Number         0  key.o ABSOLUTE
    ..\HardWare\LED\LED.c                    0x00000000   Number         0  led.o ABSOLUTE
    ..\HardWare\OLED\OLED.c                  0x00000000   Number         0  oled.o ABSOLUTE
    ..\HardWare\RTC\RTC.c                    0x00000000   Number         0  rtc.o ABSOLUTE
    ..\HardWare\SPI_FLASH\SPI_FLASH.c        0x00000000   Number         0  spi_flash.o ABSOLUTE
    ..\Implement\Implement.c                 0x00000000   Number         0  implement.o ABSOLUTE
    ..\Library\GD32F4xx_standard_peripheral\Source\gd32f4xx_adc.c 0x00000000   Number         0  gd32f4xx_adc.o ABSOLUTE
    ..\Library\GD32F4xx_standard_peripheral\Source\gd32f4xx_can.c 0x00000000   Number         0  gd32f4xx_can.o ABSOLUTE
    ..\Library\GD32F4xx_standard_peripheral\Source\gd32f4xx_crc.c 0x00000000   Number         0  gd32f4xx_crc.o ABSOLUTE
    ..\Library\GD32F4xx_standard_peripheral\Source\gd32f4xx_ctc.c 0x00000000   Number         0  gd32f4xx_ctc.o ABSOLUTE
    ..\Library\GD32F4xx_standard_peripheral\Source\gd32f4xx_dac.c 0x00000000   Number         0  gd32f4xx_dac.o ABSOLUTE
    ..\Library\GD32F4xx_standard_peripheral\Source\gd32f4xx_dbg.c 0x00000000   Number         0  gd32f4xx_dbg.o ABSOLUTE
    ..\Library\GD32F4xx_standard_peripheral\Source\gd32f4xx_dci.c 0x00000000   Number         0  gd32f4xx_dci.o ABSOLUTE
    ..\Library\GD32F4xx_standard_peripheral\Source\gd32f4xx_dma.c 0x00000000   Number         0  gd32f4xx_dma.o ABSOLUTE
    ..\Library\GD32F4xx_standard_peripheral\Source\gd32f4xx_enet.c 0x00000000   Number         0  gd32f4xx_enet.o ABSOLUTE
    ..\Library\GD32F4xx_standard_peripheral\Source\gd32f4xx_exmc.c 0x00000000   Number         0  gd32f4xx_exmc.o ABSOLUTE
    ..\Library\GD32F4xx_standard_peripheral\Source\gd32f4xx_exti.c 0x00000000   Number         0  gd32f4xx_exti.o ABSOLUTE
    ..\Library\GD32F4xx_standard_peripheral\Source\gd32f4xx_fmc.c 0x00000000   Number         0  gd32f4xx_fmc.o ABSOLUTE
    ..\Library\GD32F4xx_standard_peripheral\Source\gd32f4xx_fwdgt.c 0x00000000   Number         0  gd32f4xx_fwdgt.o ABSOLUTE
    ..\Library\GD32F4xx_standard_peripheral\Source\gd32f4xx_gpio.c 0x00000000   Number         0  gd32f4xx_gpio.o ABSOLUTE
    ..\Library\GD32F4xx_standard_peripheral\Source\gd32f4xx_i2c.c 0x00000000   Number         0  gd32f4xx_i2c.o ABSOLUTE
    ..\Library\GD32F4xx_standard_peripheral\Source\gd32f4xx_ipa.c 0x00000000   Number         0  gd32f4xx_ipa.o ABSOLUTE
    ..\Library\GD32F4xx_standard_peripheral\Source\gd32f4xx_iref.c 0x00000000   Number         0  gd32f4xx_iref.o ABSOLUTE
    ..\Library\GD32F4xx_standard_peripheral\Source\gd32f4xx_misc.c 0x00000000   Number         0  gd32f4xx_misc.o ABSOLUTE
    ..\Library\GD32F4xx_standard_peripheral\Source\gd32f4xx_pmu.c 0x00000000   Number         0  gd32f4xx_pmu.o ABSOLUTE
    ..\Library\GD32F4xx_standard_peripheral\Source\gd32f4xx_rcu.c 0x00000000   Number         0  gd32f4xx_rcu.o ABSOLUTE
    ..\Library\GD32F4xx_standard_peripheral\Source\gd32f4xx_rtc.c 0x00000000   Number         0  gd32f4xx_rtc.o ABSOLUTE
    ..\Library\GD32F4xx_standard_peripheral\Source\gd32f4xx_sdio.c 0x00000000   Number         0  gd32f4xx_sdio.o ABSOLUTE
    ..\Library\GD32F4xx_standard_peripheral\Source\gd32f4xx_spi.c 0x00000000   Number         0  gd32f4xx_spi.o ABSOLUTE
    ..\Library\GD32F4xx_standard_peripheral\Source\gd32f4xx_syscfg.c 0x00000000   Number         0  gd32f4xx_syscfg.o ABSOLUTE
    ..\Library\GD32F4xx_standard_peripheral\Source\gd32f4xx_timer.c 0x00000000   Number         0  gd32f4xx_timer.o ABSOLUTE
    ..\Library\GD32F4xx_standard_peripheral\Source\gd32f4xx_tli.c 0x00000000   Number         0  gd32f4xx_tli.o ABSOLUTE
    ..\Library\GD32F4xx_standard_peripheral\Source\gd32f4xx_trng.c 0x00000000   Number         0  gd32f4xx_trng.o ABSOLUTE
    ..\Library\GD32F4xx_standard_peripheral\Source\gd32f4xx_usart.c 0x00000000   Number         0  gd32f4xx_usart.o ABSOLUTE
    ..\Library\GD32F4xx_standard_peripheral\Source\gd32f4xx_wwdgt.c 0x00000000   Number         0  gd32f4xx_wwdgt.o ABSOLUTE
    ..\Protocol\USART0\USART0.c              0x00000000   Number         0  usart0.o ABSOLUTE
    ..\Scheduler\scheduler.c                 0x00000000   Number         0  scheduler_1.o ABSOLUTE
    ..\System\ADC\ADC.c                      0x00000000   Number         0  adc.o ABSOLUTE
    ..\User\gd32f4xx_it.c                    0x00000000   Number         0  gd32f4xx_it.o ABSOLUTE
    ..\User\main.c                           0x00000000   Number         0  main.o ABSOLUTE
    ..\User\systick.c                        0x00000000   Number         0  systick.o ABSOLUTE
    ..\\CMSIS\\GD\\GD32F4xx\\Source\\system_gd32f4xx.c 0x00000000   Number         0  system_gd32f4xx.o ABSOLUTE
    ..\\HardWare\\KEY\\KEY.c                 0x00000000   Number         0  key.o ABSOLUTE
    ..\\HardWare\\LED\\LED.c                 0x00000000   Number         0  led.o ABSOLUTE
    ..\\HardWare\\OLED\\OLED.c               0x00000000   Number         0  oled.o ABSOLUTE
    ..\\HardWare\\RTC\\RTC.c                 0x00000000   Number         0  rtc.o ABSOLUTE
    ..\\HardWare\\SPI_FLASH\\SPI_FLASH.c     0x00000000   Number         0  spi_flash.o ABSOLUTE
    ..\\Implement\\Implement.c               0x00000000   Number         0  implement.o ABSOLUTE
    ..\\Library\\GD32F4xx_standard_peripheral\\Source\\gd32f4xx_adc.c 0x00000000   Number         0  gd32f4xx_adc.o ABSOLUTE
    ..\\Library\\GD32F4xx_standard_peripheral\\Source\\gd32f4xx_can.c 0x00000000   Number         0  gd32f4xx_can.o ABSOLUTE
    ..\\Library\\GD32F4xx_standard_peripheral\\Source\\gd32f4xx_crc.c 0x00000000   Number         0  gd32f4xx_crc.o ABSOLUTE
    ..\\Library\\GD32F4xx_standard_peripheral\\Source\\gd32f4xx_ctc.c 0x00000000   Number         0  gd32f4xx_ctc.o ABSOLUTE
    ..\\Library\\GD32F4xx_standard_peripheral\\Source\\gd32f4xx_dac.c 0x00000000   Number         0  gd32f4xx_dac.o ABSOLUTE
    ..\\Library\\GD32F4xx_standard_peripheral\\Source\\gd32f4xx_dbg.c 0x00000000   Number         0  gd32f4xx_dbg.o ABSOLUTE
    ..\\Library\\GD32F4xx_standard_peripheral\\Source\\gd32f4xx_dci.c 0x00000000   Number         0  gd32f4xx_dci.o ABSOLUTE
    ..\\Library\\GD32F4xx_standard_peripheral\\Source\\gd32f4xx_dma.c 0x00000000   Number         0  gd32f4xx_dma.o ABSOLUTE
    ..\\Library\\GD32F4xx_standard_peripheral\\Source\\gd32f4xx_enet.c 0x00000000   Number         0  gd32f4xx_enet.o ABSOLUTE
    ..\\Library\\GD32F4xx_standard_peripheral\\Source\\gd32f4xx_exmc.c 0x00000000   Number         0  gd32f4xx_exmc.o ABSOLUTE
    ..\\Library\\GD32F4xx_standard_peripheral\\Source\\gd32f4xx_exti.c 0x00000000   Number         0  gd32f4xx_exti.o ABSOLUTE
    ..\\Library\\GD32F4xx_standard_peripheral\\Source\\gd32f4xx_fmc.c 0x00000000   Number         0  gd32f4xx_fmc.o ABSOLUTE
    ..\\Library\\GD32F4xx_standard_peripheral\\Source\\gd32f4xx_fwdgt.c 0x00000000   Number         0  gd32f4xx_fwdgt.o ABSOLUTE
    ..\\Library\\GD32F4xx_standard_peripheral\\Source\\gd32f4xx_gpio.c 0x00000000   Number         0  gd32f4xx_gpio.o ABSOLUTE
    ..\\Library\\GD32F4xx_standard_peripheral\\Source\\gd32f4xx_i2c.c 0x00000000   Number         0  gd32f4xx_i2c.o ABSOLUTE
    ..\\Library\\GD32F4xx_standard_peripheral\\Source\\gd32f4xx_ipa.c 0x00000000   Number         0  gd32f4xx_ipa.o ABSOLUTE
    ..\\Library\\GD32F4xx_standard_peripheral\\Source\\gd32f4xx_iref.c 0x00000000   Number         0  gd32f4xx_iref.o ABSOLUTE
    ..\\Library\\GD32F4xx_standard_peripheral\\Source\\gd32f4xx_misc.c 0x00000000   Number         0  gd32f4xx_misc.o ABSOLUTE
    ..\\Library\\GD32F4xx_standard_peripheral\\Source\\gd32f4xx_pmu.c 0x00000000   Number         0  gd32f4xx_pmu.o ABSOLUTE
    ..\\Library\\GD32F4xx_standard_peripheral\\Source\\gd32f4xx_rcu.c 0x00000000   Number         0  gd32f4xx_rcu.o ABSOLUTE
    ..\\Library\\GD32F4xx_standard_peripheral\\Source\\gd32f4xx_rtc.c 0x00000000   Number         0  gd32f4xx_rtc.o ABSOLUTE
    ..\\Library\\GD32F4xx_standard_peripheral\\Source\\gd32f4xx_sdio.c 0x00000000   Number         0  gd32f4xx_sdio.o ABSOLUTE
    ..\\Library\\GD32F4xx_standard_peripheral\\Source\\gd32f4xx_spi.c 0x00000000   Number         0  gd32f4xx_spi.o ABSOLUTE
    ..\\Library\\GD32F4xx_standard_peripheral\\Source\\gd32f4xx_syscfg.c 0x00000000   Number         0  gd32f4xx_syscfg.o ABSOLUTE
    ..\\Library\\GD32F4xx_standard_peripheral\\Source\\gd32f4xx_timer.c 0x00000000   Number         0  gd32f4xx_timer.o ABSOLUTE
    ..\\Library\\GD32F4xx_standard_peripheral\\Source\\gd32f4xx_tli.c 0x00000000   Number         0  gd32f4xx_tli.o ABSOLUTE
    ..\\Library\\GD32F4xx_standard_peripheral\\Source\\gd32f4xx_trng.c 0x00000000   Number         0  gd32f4xx_trng.o ABSOLUTE
    ..\\Library\\GD32F4xx_standard_peripheral\\Source\\gd32f4xx_usart.c 0x00000000   Number         0  gd32f4xx_usart.o ABSOLUTE
    ..\\Library\\GD32F4xx_standard_peripheral\\Source\\gd32f4xx_wwdgt.c 0x00000000   Number         0  gd32f4xx_wwdgt.o ABSOLUTE
    ..\\Protocol\\USART0\\USART0.c           0x00000000   Number         0  usart0.o ABSOLUTE
    ..\\Scheduler\\scheduler.c               0x00000000   Number         0  scheduler_1.o ABSOLUTE
    ..\\System\\ADC\\ADC.c                   0x00000000   Number         0  adc.o ABSOLUTE
    ..\\User\\gd32f4xx_it.c                  0x00000000   Number         0  gd32f4xx_it.o ABSOLUTE
    ..\\User\\main.c                         0x00000000   Number         0  main.o ABSOLUTE
    ..\\User\\systick.c                      0x00000000   Number         0  systick.o ABSOLUTE
    cdrcmple.s                               0x00000000   Number         0  cdrcmple.o ABSOLUTE
    dc.s                                     0x00000000   Number         0  dc.o ABSOLUTE
    handlers.s                               0x00000000   Number         0  handlers.o ABSOLUTE
    init.s                                   0x00000000   Number         0  init.o ABSOLUTE
    RESET                                    0x08000000   Section      428  startup_gd32f450_470.o(RESET)
    .ARM.Collect$$$$00000000                 0x080001ac   Section        0  entry.o(.ARM.Collect$$$$00000000)
    .ARM.Collect$$$$00000001                 0x080001ac   Section        4  entry2.o(.ARM.Collect$$$$00000001)
    .ARM.Collect$$$$00000004                 0x080001b0   Section        4  entry5.o(.ARM.Collect$$$$00000004)
    .ARM.Collect$$$$00000008                 0x080001b4   Section        0  entry7b.o(.ARM.Collect$$$$00000008)
    .ARM.Collect$$$$0000000A                 0x080001b4   Section        0  entry8b.o(.ARM.Collect$$$$0000000A)
    .ARM.Collect$$$$0000000B                 0x080001b4   Section        8  entry9a.o(.ARM.Collect$$$$0000000B)
    .ARM.Collect$$$$0000000E                 0x080001bc   Section        4  entry12b.o(.ARM.Collect$$$$0000000E)
    .ARM.Collect$$$$0000000F                 0x080001c0   Section        0  entry10a.o(.ARM.Collect$$$$0000000F)
    .ARM.Collect$$$$00000011                 0x080001c0   Section        0  entry11a.o(.ARM.Collect$$$$00000011)
    .ARM.Collect$$$$00002712                 0x080001c0   Section        4  entry2.o(.ARM.Collect$$$$00002712)
    __lit__00000000                          0x080001c0   Data           4  entry2.o(.ARM.Collect$$$$00002712)
    .text                                    0x080001c4   Section       36  startup_gd32f450_470.o(.text)
    $v0                                      0x080001c4   Number         0  startup_gd32f450_470.o(.text)
    .text                                    0x080001e8   Section        0  uldiv.o(.text)
    .text                                    0x0800024c   Section       36  init.o(.text)
    .text                                    0x08000270   Section        0  llshl.o(.text)
    .text                                    0x0800028e   Section        0  llushr.o(.text)
    .text                                    0x080002ae   Section        0  __dczerorl2.o(.text)
    i.BusFault_Handler                       0x08000304   Section        0  gd32f4xx_it.o(i.BusFault_Handler)
    i.DebugMon_Handler                       0x08000308   Section        0  gd32f4xx_it.o(i.DebugMon_Handler)
    i.HardFault_Handler                      0x0800030a   Section        0  gd32f4xx_it.o(i.HardFault_Handler)
    i.I2C_Start                              0x08000310   Section        0  oled.o(i.I2C_Start)
    i.I2C_Stop                               0x08000368   Section        0  oled.o(i.I2C_Stop)
    i.I2C_WaitAck                            0x080003b0   Section        0  oled.o(i.I2C_WaitAck)
    i.IIC_delay                              0x08000428   Section        0  oled.o(i.IIC_delay)
    i.KEY_Init                               0x08000438   Section        0  key.o(i.KEY_Init)
    i.KEY_Stat                               0x08000454   Section        0  key.o(i.KEY_Stat)
    i.LED_Init                               0x0800047c   Section        0  led.o(i.LED_Init)
    i.MemManage_Handler                      0x080004cc   Section        0  gd32f4xx_it.o(i.MemManage_Handler)
    i.NMI_Handler                            0x080004d0   Section        0  gd32f4xx_it.o(i.NMI_Handler)
    i.NVIC_SetPriority                       0x080004d4   Section        0  systick.o(i.NVIC_SetPriority)
    NVIC_SetPriority                         0x080004d5   Thumb Code    32  systick.o(i.NVIC_SetPriority)
    i.OLED_Clear                             0x080004fc   Section        0  oled.o(i.OLED_Clear)
    i.OLED_ClearPoint                        0x0800052c   Section        0  oled.o(i.OLED_ClearPoint)
    i.OLED_DrawCircle                        0x0800058c   Section        0  oled.o(i.OLED_DrawCircle)
    i.OLED_DrawLine                          0x08000624   Section        0  oled.o(i.OLED_DrawLine)
    i.OLED_DrawPoint                         0x080006b8   Section        0  oled.o(i.OLED_DrawPoint)
    i.OLED_Init                              0x080006f4   Section        0  oled.o(i.OLED_Init)
    i.OLED_Refresh                           0x0800083c   Section        0  oled.o(i.OLED_Refresh)
    i.OLED_ShowChar                          0x08000888   Section        0  oled.o(i.OLED_ShowChar)
    i.OLED_ShowChinese                       0x08000984   Section        0  oled.o(i.OLED_ShowChinese)
    i.OLED_ShowString                        0x08000a8c   Section        0  oled.o(i.OLED_ShowString)
    i.OLED_WR_Byte                           0x08000ace   Section        0  oled.o(i.OLED_WR_Byte)
    i.PendSV_Handler                         0x08000b06   Section        0  gd32f4xx_it.o(i.PendSV_Handler)
    i.RTC_Init                               0x08000b08   Section        0  rtc.o(i.RTC_Init)
    i.SVC_Handler                            0x08000be8   Section        0  gd32f4xx_it.o(i.SVC_Handler)
    i.Send_Byte                              0x08000bec   Section        0  oled.o(i.Send_Byte)
    i.SysTick_Handler                        0x08000c48   Section        0  systick.o(i.SysTick_Handler)
    i.SystemInit                             0x08000c54   Section        0  system_gd32f4xx.o(i.SystemInit)
    i.System_Init                            0x08000d28   Section        0  implement.o(i.System_Init)
    i.USART0_Config                          0x08000d4c   Section        0  usart0.o(i.USART0_Config)
    i.USART0_IRQHandler                      0x08000dfc   Section        0  usart0.o(i.USART0_IRQHandler)
    i.UsageFault_Handler                     0x08000e30   Section        0  gd32f4xx_it.o(i.UsageFault_Handler)
    i.UsrFunction                            0x08000e34   Section        0  implement.o(i.UsrFunction)
    i.__0printf$8                            0x08000e84   Section        0  printf8.o(i.__0printf$8)
    i.__0sprintf$8                           0x08000ea4   Section        0  printf8.o(i.__0sprintf$8)
    i.__scatterload_copy                     0x08000ecc   Section       14  handlers.o(i.__scatterload_copy)
    i.__scatterload_null                     0x08000eda   Section        2  handlers.o(i.__scatterload_null)
    i.__scatterload_zeroinit                 0x08000edc   Section       14  handlers.o(i.__scatterload_zeroinit)
    i._printf_core                           0x08000eec   Section        0  printf8.o(i._printf_core)
    _printf_core                             0x08000eed   Thumb Code   984  printf8.o(i._printf_core)
    i._printf_post_padding                   0x080012f0   Section        0  printf8.o(i._printf_post_padding)
    _printf_post_padding                     0x080012f1   Thumb Code    36  printf8.o(i._printf_post_padding)
    i._printf_pre_padding                    0x08001314   Section        0  printf8.o(i._printf_pre_padding)
    _printf_pre_padding                      0x08001315   Thumb Code    46  printf8.o(i._printf_pre_padding)
    i._sputc                                 0x08001342   Section        0  printf8.o(i._sputc)
    _sputc                                   0x08001343   Thumb Code    10  printf8.o(i._sputc)
    i.delay_1ms                              0x0800134c   Section        0  systick.o(i.delay_1ms)
    i.delay_decrement                        0x08001360   Section        0  systick.o(i.delay_decrement)
    i.fputc                                  0x08001378   Section        0  usart0.o(i.fputc)
    i.gpio_af_set                            0x0800139c   Section        0  gd32f4xx_gpio.o(i.gpio_af_set)
    i.gpio_bit_reset                         0x080013fa   Section        0  gd32f4xx_gpio.o(i.gpio_bit_reset)
    i.gpio_bit_set                           0x080013fe   Section        0  gd32f4xx_gpio.o(i.gpio_bit_set)
    i.gpio_input_bit_get                     0x08001402   Section        0  gd32f4xx_gpio.o(i.gpio_input_bit_get)
    i.gpio_mode_set                          0x08001412   Section        0  gd32f4xx_gpio.o(i.gpio_mode_set)
    i.gpio_output_options_set                0x08001460   Section        0  gd32f4xx_gpio.o(i.gpio_output_options_set)
    i.led1_task                              0x080014a2   Section        0  led.o(i.led1_task)
    i.led_control                            0x080014ac   Section        0  led.o(i.led_control)
    i.led_toggle                             0x08001528   Section        0  led.o(i.led_toggle)
    i.main                                   0x08001558   Section        0  main.o(i.main)
    i.memory_compare                         0x08001566   Section        0  implement.o(i.memory_compare)
    i.pmu_backup_write_enable                0x08001588   Section        0  gd32f4xx_pmu.o(i.pmu_backup_write_enable)
    i.process_data                           0x0800159c   Section        0  usart0.o(i.process_data)
    i.rcu_all_reset_flag_clear               0x080015b4   Section        0  gd32f4xx_rcu.o(i.rcu_all_reset_flag_clear)
    i.rcu_clock_freq_get                     0x080015c8   Section        0  gd32f4xx_rcu.o(i.rcu_clock_freq_get)
    i.rcu_flag_get                           0x080016ec   Section        0  gd32f4xx_rcu.o(i.rcu_flag_get)
    i.rcu_osci_on                            0x08001710   Section        0  gd32f4xx_rcu.o(i.rcu_osci_on)
    i.rcu_osci_stab_wait                     0x08001734   Section        0  gd32f4xx_rcu.o(i.rcu_osci_stab_wait)
    i.rcu_periph_clock_enable                0x08001890   Section        0  gd32f4xx_rcu.o(i.rcu_periph_clock_enable)
    i.rcu_periph_reset_disable               0x080018b4   Section        0  gd32f4xx_rcu.o(i.rcu_periph_reset_disable)
    i.rcu_periph_reset_enable                0x080018d8   Section        0  gd32f4xx_rcu.o(i.rcu_periph_reset_enable)
    i.rcu_rtc_clock_config                   0x080018fc   Section        0  gd32f4xx_rcu.o(i.rcu_rtc_clock_config)
    i.rtc_current_time_get                   0x08001914   Section        0  gd32f4xx_rtc.o(i.rtc_current_time_get)
    i.rtc_init                               0x08001978   Section        0  gd32f4xx_rtc.o(i.rtc_init)
    i.rtc_init_mode_enter                    0x08001a54   Section        0  gd32f4xx_rtc.o(i.rtc_init_mode_enter)
    i.rtc_init_mode_exit                     0x08001a9c   Section        0  gd32f4xx_rtc.o(i.rtc_init_mode_exit)
    i.rtc_pre_config                         0x08001ab0   Section        0  rtc.o(i.rtc_pre_config)
    i.rtc_register_sync_wait                 0x08001aec   Section        0  gd32f4xx_rtc.o(i.rtc_register_sync_wait)
    i.rtc_setup                              0x08001b4c   Section        0  rtc.o(i.rtc_setup)
    i.rtc_show_time                          0x08001dd0   Section        0  rtc.o(i.rtc_show_time)
    i.scheduler_add_task                     0x08001e38   Section        0  scheduler_1.o(i.scheduler_add_task)
    i.scheduler_disable_task                 0x08001ea4   Section        0  scheduler_1.o(i.scheduler_disable_task)
    i.scheduler_enable_task                  0x08001ec0   Section        0  scheduler_1.o(i.scheduler_enable_task)
    i.scheduler_get_task_count               0x08001eec   Section        0  scheduler_1.o(i.scheduler_get_task_count)
    i.scheduler_init                         0x08001ef8   Section        0  scheduler_1.o(i.scheduler_init)
    i.scheduler_run                          0x08001f40   Section        0  scheduler_1.o(i.scheduler_run)
    i.scheduler_test_demo                    0x08001f84   Section        0  implement.o(i.scheduler_test_demo)
    i.scheduler_tick                         0x080021e4   Section        0  scheduler_1.o(i.scheduler_tick)
    i.spi_enable                             0x0800224c   Section        0  gd32f4xx_spi.o(i.spi_enable)
    i.spi_flash_buffer_read                  0x08002258   Section        0  spi_flash.o(i.spi_flash_buffer_read)
    i.spi_flash_buffer_write                 0x080022ac   Section        0  spi_flash.o(i.spi_flash_buffer_write)
    i.spi_flash_init                         0x08002374   Section        0  spi_flash.o(i.spi_flash_init)
    i.spi_flash_page_write                   0x08002410   Section        0  spi_flash.o(i.spi_flash_page_write)
    i.spi_flash_read_id                      0x0800246c   Section        0  spi_flash.o(i.spi_flash_read_id)
    i.spi_flash_sector_erase                 0x080024c0   Section        0  spi_flash.o(i.spi_flash_sector_erase)
    i.spi_flash_send_byte                    0x08002504   Section        0  spi_flash.o(i.spi_flash_send_byte)
    i.spi_flash_wait_for_write_end           0x0800253c   Section        0  spi_flash.o(i.spi_flash_wait_for_write_end)
    i.spi_flash_write_enable                 0x08002574   Section        0  spi_flash.o(i.spi_flash_write_enable)
    i.spi_i2s_data_receive                   0x08002598   Section        0  gd32f4xx_spi.o(i.spi_i2s_data_receive)
    i.spi_i2s_data_transmit                  0x080025a0   Section        0  gd32f4xx_spi.o(i.spi_i2s_data_transmit)
    i.spi_i2s_flag_get                       0x080025a4   Section        0  gd32f4xx_spi.o(i.spi_i2s_flag_get)
    i.spi_init                               0x080025b4   Section        0  gd32f4xx_spi.o(i.spi_init)
    i.system_clock_240m_25m_hxtal            0x080025e8   Section        0  system_gd32f4xx.o(i.system_clock_240m_25m_hxtal)
    system_clock_240m_25m_hxtal              0x080025e9   Thumb Code   250  system_gd32f4xx.o(i.system_clock_240m_25m_hxtal)
    i.system_clock_config                    0x080026f0   Section        0  system_gd32f4xx.o(i.system_clock_config)
    system_clock_config                      0x080026f1   Thumb Code     8  system_gd32f4xx.o(i.system_clock_config)
    i.systick_config                         0x080026f8   Section        0  systick.o(i.systick_config)
    i.task_display_update                    0x0800274c   Section        0  implement.o(i.task_display_update)
    i.task_heartbeat                         0x08002788   Section        0  implement.o(i.task_heartbeat)
    i.task_key_scan                          0x080027cc   Section        0  implement.o(i.task_key_scan)
    i.task_oled_test                         0x080028c4   Section        0  implement.o(i.task_oled_test)
    i.task_rtc_test                          0x080029a4   Section        0  implement.o(i.task_rtc_test)
    i.task_spi_flash_test                    0x08002a68   Section        0  implement.o(i.task_spi_flash_test)
    i.usart_baudrate_set                     0x08002e10   Section        0  gd32f4xx_usart.o(i.usart_baudrate_set)
    i.usart_data_receive                     0x08002ef8   Section        0  gd32f4xx_usart.o(i.usart_data_receive)
    i.usart_data_transmit                    0x08002f02   Section        0  gd32f4xx_usart.o(i.usart_data_transmit)
    i.usart_deinit                           0x08002f0c   Section        0  gd32f4xx_usart.o(i.usart_deinit)
    i.usart_enable                           0x08002fe8   Section        0  gd32f4xx_usart.o(i.usart_enable)
    i.usart_flag_get                         0x08002ff2   Section        0  gd32f4xx_usart.o(i.usart_flag_get)
    i.usart_hardware_flow_cts_config         0x08003010   Section        0  gd32f4xx_usart.o(i.usart_hardware_flow_cts_config)
    i.usart_hardware_flow_rts_config         0x08003024   Section        0  gd32f4xx_usart.o(i.usart_hardware_flow_rts_config)
    i.usart_input_threshold                  0x08003038   Section        0  rtc.o(i.usart_input_threshold)
    i.usart_interrupt_flag_clear             0x08003120   Section        0  gd32f4xx_usart.o(i.usart_interrupt_flag_clear)
    i.usart_interrupt_flag_get               0x0800313a   Section        0  gd32f4xx_usart.o(i.usart_interrupt_flag_get)
    i.usart_parity_config                    0x08003172   Section        0  gd32f4xx_usart.o(i.usart_parity_config)
    i.usart_receive_config                   0x08003182   Section        0  gd32f4xx_usart.o(i.usart_receive_config)
    i.usart_stop_bit_set                     0x08003192   Section        0  gd32f4xx_usart.o(i.usart_stop_bit_set)
    i.usart_transmit_config                  0x080031a2   Section        0  gd32f4xx_usart.o(i.usart_transmit_config)
    i.usart_word_length_set                  0x080031b2   Section        0  gd32f4xx_usart.o(i.usart_word_length_set)
    .constdata                               0x080031c2   Section     8152  oled.o(.constdata)
    .conststring                             0x0800519c   Section       68  rtc.o(.conststring)
    .conststring                             0x080051e0   Section       82  implement.o(.conststring)
    .data                                    0x20000000   Section        4  systick.o(.data)
    delay                                    0x20000000   Data           4  systick.o(.data)
    .data                                    0x20000004   Section        4  led.o(.data)
    led_states                               0x20000004   Data           4  led.o(.data)
    .data                                    0x20000008   Section     5560  oled.o(.data)
    .data                                    0x200015c0   Section       12  rtc.o(.data)
    .data                                    0x200015cc   Section        1  usart0.o(.data)
    .data                                    0x200015d0   Section       31  implement.o(.data)
    g_led1_handle                            0x200015d8   Data           1  implement.o(.data)
    g_led2_handle                            0x200015d9   Data           1  implement.o(.data)
    g_led3_handle                            0x200015da   Data           1  implement.o(.data)
    g_led4_handle                            0x200015db   Data           1  implement.o(.data)
    g_display_task_handle                    0x200015dc   Data           1  implement.o(.data)
    g_heartbeat_task_handle                  0x200015dd   Data           1  implement.o(.data)
    g_oled_test_handle                       0x200015de   Data           1  implement.o(.data)
    g_key_scan_handle                        0x200015df   Data           1  implement.o(.data)
    g_rtc_test_handle                        0x200015e0   Data           1  implement.o(.data)
    g_spi_flash_test_handle                  0x200015e1   Data           1  implement.o(.data)
    update_count                             0x200015e2   Data           2  implement.o(.data)
    heartbeat_count                          0x200015e4   Data           4  implement.o(.data)
    oled_test_step                           0x200015e8   Data           1  implement.o(.data)
    key1_last_state                          0x200015e9   Data           1  implement.o(.data)
    key2_last_state                          0x200015ea   Data           1  implement.o(.data)
    key1_press_count                         0x200015eb   Data           1  implement.o(.data)
    key2_press_count                         0x200015ec   Data           1  implement.o(.data)
    rtc_initialized                          0x200015ed   Data           1  implement.o(.data)
    test_executed                            0x200015ee   Data           1  implement.o(.data)
    .data                                    0x200015f0   Section        4  system_gd32f4xx.o(.data)
    .data                                    0x200015f4   Section        1  scheduler_1.o(.data)
    task_count                               0x200015f4   Data           1  scheduler_1.o(.data)
    .data                                    0x200015f8   Section        4  stdout.o(.data)
    .bss                                     0x200015fc   Section      576  oled.o(.bss)
    .bss                                     0x2000183c   Section       36  rtc.o(.bss)
    .bss                                     0x20001860   Section       32  implement.o(.bss)
    time_str                                 0x20001860   Data          32  implement.o(.bss)
    .bss                                     0x20001880   Section      128  scheduler_1.o(.bss)
    tasks                                    0x20001880   Data         128  scheduler_1.o(.bss)
    STACK                                    0x20001900   Section     1024  startup_gd32f450_470.o(STACK)

    Global Symbols

    Symbol Name                              Value     Ov Type        Size  Object(Section)

    BuildAttributes$$THM_ISAv4$E$P$D$K$B$S$7EM$VFPi3$EXTD16$VFPS$VFMA$PE$A:L22UL41UL21$X:L11$S22US41US21$IEEE1$IW$USESV6$~STKCKD$USESV7$~SHL$OSPACE$ROPI$EBA8$MICROLIB$REQ8$PRES8$EABIv2 0x00000000   Number         0  anon$$obj.o ABSOLUTE
    __ARM_use_no_argv                        0x00000000   Number         0  main.o ABSOLUTE
    _printf_a                                0x00000000   Number         0  stubs.o ABSOLUTE
    _printf_c                                0x00000000   Number         0  stubs.o ABSOLUTE
    _printf_charcount                        0x00000000   Number         0  stubs.o ABSOLUTE
    _printf_d                                0x00000000   Number         0  stubs.o ABSOLUTE
    _printf_e                                0x00000000   Number         0  stubs.o ABSOLUTE
    _printf_f                                0x00000000   Number         0  stubs.o ABSOLUTE
    _printf_flags                            0x00000000   Number         0  stubs.o ABSOLUTE
    _printf_fp_dec                           0x00000000   Number         0  stubs.o ABSOLUTE
    _printf_fp_hex                           0x00000000   Number         0  stubs.o ABSOLUTE
    _printf_g                                0x00000000   Number         0  stubs.o ABSOLUTE
    _printf_i                                0x00000000   Number         0  stubs.o ABSOLUTE
    _printf_int_dec                          0x00000000   Number         0  stubs.o ABSOLUTE
    _printf_l                                0x00000000   Number         0  stubs.o ABSOLUTE
    _printf_lc                               0x00000000   Number         0  stubs.o ABSOLUTE
    _printf_ll                               0x00000000   Number         0  stubs.o ABSOLUTE
    _printf_lld                              0x00000000   Number         0  stubs.o ABSOLUTE
    _printf_lli                              0x00000000   Number         0  stubs.o ABSOLUTE
    _printf_llo                              0x00000000   Number         0  stubs.o ABSOLUTE
    _printf_llu                              0x00000000   Number         0  stubs.o ABSOLUTE
    _printf_llx                              0x00000000   Number         0  stubs.o ABSOLUTE
    _printf_longlong_dec                     0x00000000   Number         0  stubs.o ABSOLUTE
    _printf_longlong_hex                     0x00000000   Number         0  stubs.o ABSOLUTE
    _printf_longlong_oct                     0x00000000   Number         0  stubs.o ABSOLUTE
    _printf_ls                               0x00000000   Number         0  stubs.o ABSOLUTE
    _printf_mbtowc                           0x00000000   Number         0  stubs.o ABSOLUTE
    _printf_n                                0x00000000   Number         0  stubs.o ABSOLUTE
    _printf_o                                0x00000000   Number         0  stubs.o ABSOLUTE
    _printf_p                                0x00000000   Number         0  stubs.o ABSOLUTE
    _printf_percent                          0x00000000   Number         0  stubs.o ABSOLUTE
    _printf_pre_padding                      0x00000000   Number         0  stubs.o ABSOLUTE
    _printf_return_value                     0x00000000   Number         0  stubs.o ABSOLUTE
    _printf_s                                0x00000000   Number         0  stubs.o ABSOLUTE
    _printf_sizespec                         0x00000000   Number         0  stubs.o ABSOLUTE
    _printf_str                              0x00000000   Number         0  stubs.o ABSOLUTE
    _printf_truncate_signed                  0x00000000   Number         0  stubs.o ABSOLUTE
    _printf_truncate_unsigned                0x00000000   Number         0  stubs.o ABSOLUTE
    _printf_u                                0x00000000   Number         0  stubs.o ABSOLUTE
    _printf_wc                               0x00000000   Number         0  stubs.o ABSOLUTE
    _printf_wctomb                           0x00000000   Number         0  stubs.o ABSOLUTE
    _printf_widthprec                        0x00000000   Number         0  stubs.o ABSOLUTE
    _printf_x                                0x00000000   Number         0  stubs.o ABSOLUTE
    __arm_fini_                               - Undefined Weak Reference
    __cpp_initialize__aeabi_                  - Undefined Weak Reference
    __cxa_finalize                            - Undefined Weak Reference
    _clock_init                               - Undefined Weak Reference
    _microlib_exit                            - Undefined Weak Reference
    __Vectors_Size                           0x000001ac   Number         0  startup_gd32f450_470.o ABSOLUTE
    __Vectors                                0x08000000   Data           4  startup_gd32f450_470.o(RESET)
    __Vectors_End                            0x080001ac   Data           0  startup_gd32f450_470.o(RESET)
    __main                                   0x080001ad   Thumb Code     0  entry.o(.ARM.Collect$$$$00000000)
    _main_stk                                0x080001ad   Thumb Code     0  entry2.o(.ARM.Collect$$$$00000001)
    _main_scatterload                        0x080001b1   Thumb Code     0  entry5.o(.ARM.Collect$$$$00000004)
    __main_after_scatterload                 0x080001b5   Thumb Code     0  entry5.o(.ARM.Collect$$$$00000004)
    _main_clock                              0x080001b5   Thumb Code     0  entry7b.o(.ARM.Collect$$$$00000008)
    _main_cpp_init                           0x080001b5   Thumb Code     0  entry8b.o(.ARM.Collect$$$$0000000A)
    _main_init                               0x080001b5   Thumb Code     0  entry9a.o(.ARM.Collect$$$$0000000B)
    __rt_lib_shutdown_fini                   0x080001bd   Thumb Code     0  entry12b.o(.ARM.Collect$$$$0000000E)
    __rt_final_cpp                           0x080001c1   Thumb Code     0  entry10a.o(.ARM.Collect$$$$0000000F)
    __rt_final_exit                          0x080001c1   Thumb Code     0  entry11a.o(.ARM.Collect$$$$00000011)
    Reset_Handler                            0x080001c5   Thumb Code     8  startup_gd32f450_470.o(.text)
    ADC_IRQHandler                           0x080001df   Thumb Code     0  startup_gd32f450_470.o(.text)
    CAN0_EWMC_IRQHandler                     0x080001df   Thumb Code     0  startup_gd32f450_470.o(.text)
    CAN0_RX0_IRQHandler                      0x080001df   Thumb Code     0  startup_gd32f450_470.o(.text)
    CAN0_RX1_IRQHandler                      0x080001df   Thumb Code     0  startup_gd32f450_470.o(.text)
    CAN0_TX_IRQHandler                       0x080001df   Thumb Code     0  startup_gd32f450_470.o(.text)
    CAN1_EWMC_IRQHandler                     0x080001df   Thumb Code     0  startup_gd32f450_470.o(.text)
    CAN1_RX0_IRQHandler                      0x080001df   Thumb Code     0  startup_gd32f450_470.o(.text)
    CAN1_RX1_IRQHandler                      0x080001df   Thumb Code     0  startup_gd32f450_470.o(.text)
    CAN1_TX_IRQHandler                       0x080001df   Thumb Code     0  startup_gd32f450_470.o(.text)
    DCI_IRQHandler                           0x080001df   Thumb Code     0  startup_gd32f450_470.o(.text)
    DMA0_Channel0_IRQHandler                 0x080001df   Thumb Code     0  startup_gd32f450_470.o(.text)
    DMA0_Channel1_IRQHandler                 0x080001df   Thumb Code     0  startup_gd32f450_470.o(.text)
    DMA0_Channel2_IRQHandler                 0x080001df   Thumb Code     0  startup_gd32f450_470.o(.text)
    DMA0_Channel3_IRQHandler                 0x080001df   Thumb Code     0  startup_gd32f450_470.o(.text)
    DMA0_Channel4_IRQHandler                 0x080001df   Thumb Code     0  startup_gd32f450_470.o(.text)
    DMA0_Channel5_IRQHandler                 0x080001df   Thumb Code     0  startup_gd32f450_470.o(.text)
    DMA0_Channel6_IRQHandler                 0x080001df   Thumb Code     0  startup_gd32f450_470.o(.text)
    DMA0_Channel7_IRQHandler                 0x080001df   Thumb Code     0  startup_gd32f450_470.o(.text)
    DMA1_Channel0_IRQHandler                 0x080001df   Thumb Code     0  startup_gd32f450_470.o(.text)
    DMA1_Channel1_IRQHandler                 0x080001df   Thumb Code     0  startup_gd32f450_470.o(.text)
    DMA1_Channel2_IRQHandler                 0x080001df   Thumb Code     0  startup_gd32f450_470.o(.text)
    DMA1_Channel3_IRQHandler                 0x080001df   Thumb Code     0  startup_gd32f450_470.o(.text)
    DMA1_Channel4_IRQHandler                 0x080001df   Thumb Code     0  startup_gd32f450_470.o(.text)
    DMA1_Channel5_IRQHandler                 0x080001df   Thumb Code     0  startup_gd32f450_470.o(.text)
    DMA1_Channel6_IRQHandler                 0x080001df   Thumb Code     0  startup_gd32f450_470.o(.text)
    DMA1_Channel7_IRQHandler                 0x080001df   Thumb Code     0  startup_gd32f450_470.o(.text)
    ENET_IRQHandler                          0x080001df   Thumb Code     0  startup_gd32f450_470.o(.text)
    ENET_WKUP_IRQHandler                     0x080001df   Thumb Code     0  startup_gd32f450_470.o(.text)
    EXMC_IRQHandler                          0x080001df   Thumb Code     0  startup_gd32f450_470.o(.text)
    EXTI0_IRQHandler                         0x080001df   Thumb Code     0  startup_gd32f450_470.o(.text)
    EXTI10_15_IRQHandler                     0x080001df   Thumb Code     0  startup_gd32f450_470.o(.text)
    EXTI1_IRQHandler                         0x080001df   Thumb Code     0  startup_gd32f450_470.o(.text)
    EXTI2_IRQHandler                         0x080001df   Thumb Code     0  startup_gd32f450_470.o(.text)
    EXTI3_IRQHandler                         0x080001df   Thumb Code     0  startup_gd32f450_470.o(.text)
    EXTI4_IRQHandler                         0x080001df   Thumb Code     0  startup_gd32f450_470.o(.text)
    EXTI5_9_IRQHandler                       0x080001df   Thumb Code     0  startup_gd32f450_470.o(.text)
    FMC_IRQHandler                           0x080001df   Thumb Code     0  startup_gd32f450_470.o(.text)
    FPU_IRQHandler                           0x080001df   Thumb Code     0  startup_gd32f450_470.o(.text)
    I2C0_ER_IRQHandler                       0x080001df   Thumb Code     0  startup_gd32f450_470.o(.text)
    I2C0_EV_IRQHandler                       0x080001df   Thumb Code     0  startup_gd32f450_470.o(.text)
    I2C1_ER_IRQHandler                       0x080001df   Thumb Code     0  startup_gd32f450_470.o(.text)
    I2C1_EV_IRQHandler                       0x080001df   Thumb Code     0  startup_gd32f450_470.o(.text)
    I2C2_ER_IRQHandler                       0x080001df   Thumb Code     0  startup_gd32f450_470.o(.text)
    I2C2_EV_IRQHandler                       0x080001df   Thumb Code     0  startup_gd32f450_470.o(.text)
    IPA_IRQHandler                           0x080001df   Thumb Code     0  startup_gd32f450_470.o(.text)
    LVD_IRQHandler                           0x080001df   Thumb Code     0  startup_gd32f450_470.o(.text)
    RCU_CTC_IRQHandler                       0x080001df   Thumb Code     0  startup_gd32f450_470.o(.text)
    RTC_Alarm_IRQHandler                     0x080001df   Thumb Code     0  startup_gd32f450_470.o(.text)
    RTC_WKUP_IRQHandler                      0x080001df   Thumb Code     0  startup_gd32f450_470.o(.text)
    SDIO_IRQHandler                          0x080001df   Thumb Code     0  startup_gd32f450_470.o(.text)
    SPI0_IRQHandler                          0x080001df   Thumb Code     0  startup_gd32f450_470.o(.text)
    SPI1_IRQHandler                          0x080001df   Thumb Code     0  startup_gd32f450_470.o(.text)
    SPI2_IRQHandler                          0x080001df   Thumb Code     0  startup_gd32f450_470.o(.text)
    SPI3_IRQHandler                          0x080001df   Thumb Code     0  startup_gd32f450_470.o(.text)
    SPI4_IRQHandler                          0x080001df   Thumb Code     0  startup_gd32f450_470.o(.text)
    SPI5_IRQHandler                          0x080001df   Thumb Code     0  startup_gd32f450_470.o(.text)
    TAMPER_STAMP_IRQHandler                  0x080001df   Thumb Code     0  startup_gd32f450_470.o(.text)
    TIMER0_BRK_TIMER8_IRQHandler             0x080001df   Thumb Code     0  startup_gd32f450_470.o(.text)
    TIMER0_Channel_IRQHandler                0x080001df   Thumb Code     0  startup_gd32f450_470.o(.text)
    TIMER0_TRG_CMT_TIMER10_IRQHandler        0x080001df   Thumb Code     0  startup_gd32f450_470.o(.text)
    TIMER0_UP_TIMER9_IRQHandler              0x080001df   Thumb Code     0  startup_gd32f450_470.o(.text)
    TIMER1_IRQHandler                        0x080001df   Thumb Code     0  startup_gd32f450_470.o(.text)
    TIMER2_IRQHandler                        0x080001df   Thumb Code     0  startup_gd32f450_470.o(.text)
    TIMER3_IRQHandler                        0x080001df   Thumb Code     0  startup_gd32f450_470.o(.text)
    TIMER4_IRQHandler                        0x080001df   Thumb Code     0  startup_gd32f450_470.o(.text)
    TIMER5_DAC_IRQHandler                    0x080001df   Thumb Code     0  startup_gd32f450_470.o(.text)
    TIMER6_IRQHandler                        0x080001df   Thumb Code     0  startup_gd32f450_470.o(.text)
    TIMER7_BRK_TIMER11_IRQHandler            0x080001df   Thumb Code     0  startup_gd32f450_470.o(.text)
    TIMER7_Channel_IRQHandler                0x080001df   Thumb Code     0  startup_gd32f450_470.o(.text)
    TIMER7_TRG_CMT_TIMER13_IRQHandler        0x080001df   Thumb Code     0  startup_gd32f450_470.o(.text)
    TIMER7_UP_TIMER12_IRQHandler             0x080001df   Thumb Code     0  startup_gd32f450_470.o(.text)
    TLI_ER_IRQHandler                        0x080001df   Thumb Code     0  startup_gd32f450_470.o(.text)
    TLI_IRQHandler                           0x080001df   Thumb Code     0  startup_gd32f450_470.o(.text)
    TRNG_IRQHandler                          0x080001df   Thumb Code     0  startup_gd32f450_470.o(.text)
    UART3_IRQHandler                         0x080001df   Thumb Code     0  startup_gd32f450_470.o(.text)
    UART4_IRQHandler                         0x080001df   Thumb Code     0  startup_gd32f450_470.o(.text)
    UART6_IRQHandler                         0x080001df   Thumb Code     0  startup_gd32f450_470.o(.text)
    UART7_IRQHandler                         0x080001df   Thumb Code     0  startup_gd32f450_470.o(.text)
    USART1_IRQHandler                        0x080001df   Thumb Code     0  startup_gd32f450_470.o(.text)
    USART2_IRQHandler                        0x080001df   Thumb Code     0  startup_gd32f450_470.o(.text)
    USART5_IRQHandler                        0x080001df   Thumb Code     0  startup_gd32f450_470.o(.text)
    USBFS_IRQHandler                         0x080001df   Thumb Code     0  startup_gd32f450_470.o(.text)
    USBFS_WKUP_IRQHandler                    0x080001df   Thumb Code     0  startup_gd32f450_470.o(.text)
    USBHS_EP1_In_IRQHandler                  0x080001df   Thumb Code     0  startup_gd32f450_470.o(.text)
    USBHS_EP1_Out_IRQHandler                 0x080001df   Thumb Code     0  startup_gd32f450_470.o(.text)
    USBHS_IRQHandler                         0x080001df   Thumb Code     0  startup_gd32f450_470.o(.text)
    USBHS_WKUP_IRQHandler                    0x080001df   Thumb Code     0  startup_gd32f450_470.o(.text)
    WWDGT_IRQHandler                         0x080001df   Thumb Code     0  startup_gd32f450_470.o(.text)
    __aeabi_uldivmod                         0x080001e9   Thumb Code    98  uldiv.o(.text)
    __scatterload                            0x0800024d   Thumb Code    28  init.o(.text)
    __scatterload_rt2                        0x0800024d   Thumb Code     0  init.o(.text)
    __aeabi_llsl                             0x08000271   Thumb Code    30  llshl.o(.text)
    _ll_shift_l                              0x08000271   Thumb Code     0  llshl.o(.text)
    __aeabi_llsr                             0x0800028f   Thumb Code    32  llushr.o(.text)
    _ll_ushift_r                             0x0800028f   Thumb Code     0  llushr.o(.text)
    __decompress                             0x080002af   Thumb Code     0  __dczerorl2.o(.text)
    __decompress1                            0x080002af   Thumb Code    86  __dczerorl2.o(.text)
    BusFault_Handler                         0x08000305   Thumb Code     4  gd32f4xx_it.o(i.BusFault_Handler)
    DebugMon_Handler                         0x08000309   Thumb Code     2  gd32f4xx_it.o(i.DebugMon_Handler)
    HardFault_Handler                        0x0800030b   Thumb Code     4  gd32f4xx_it.o(i.HardFault_Handler)
    I2C_Start                                0x08000311   Thumb Code    84  oled.o(i.I2C_Start)
    I2C_Stop                                 0x08000369   Thumb Code    66  oled.o(i.I2C_Stop)
    I2C_WaitAck                              0x080003b1   Thumb Code   116  oled.o(i.I2C_WaitAck)
    IIC_delay                                0x08000429   Thumb Code    16  oled.o(i.IIC_delay)
    KEY_Init                                 0x08000439   Thumb Code    24  key.o(i.KEY_Init)
    KEY_Stat                                 0x08000455   Thumb Code    40  key.o(i.KEY_Stat)
    LED_Init                                 0x0800047d   Thumb Code    76  led.o(i.LED_Init)
    MemManage_Handler                        0x080004cd   Thumb Code     4  gd32f4xx_it.o(i.MemManage_Handler)
    NMI_Handler                              0x080004d1   Thumb Code     2  gd32f4xx_it.o(i.NMI_Handler)
    OLED_Clear                               0x080004fd   Thumb Code    42  oled.o(i.OLED_Clear)
    OLED_ClearPoint                          0x0800052d   Thumb Code    90  oled.o(i.OLED_ClearPoint)
    OLED_DrawCircle                          0x0800058d   Thumb Code   152  oled.o(i.OLED_DrawCircle)
    OLED_DrawLine                            0x08000625   Thumb Code   146  oled.o(i.OLED_DrawLine)
    OLED_DrawPoint                           0x080006b9   Thumb Code    54  oled.o(i.OLED_DrawPoint)
    OLED_Init                                0x080006f5   Thumb Code   324  oled.o(i.OLED_Init)
    OLED_Refresh                             0x0800083d   Thumb Code    70  oled.o(i.OLED_Refresh)
    OLED_ShowChar                            0x08000889   Thumb Code   240  oled.o(i.OLED_ShowChar)
    OLED_ShowChinese                         0x08000985   Thumb Code   248  oled.o(i.OLED_ShowChinese)
    OLED_ShowString                          0x08000a8d   Thumb Code    66  oled.o(i.OLED_ShowString)
    OLED_WR_Byte                             0x08000acf   Thumb Code    56  oled.o(i.OLED_WR_Byte)
    PendSV_Handler                           0x08000b07   Thumb Code     2  gd32f4xx_it.o(i.PendSV_Handler)
    RTC_Init                                 0x08000b09   Thumb Code   110  rtc.o(i.RTC_Init)
    SVC_Handler                              0x08000be9   Thumb Code     2  gd32f4xx_it.o(i.SVC_Handler)
    Send_Byte                                0x08000bed   Thumb Code    88  oled.o(i.Send_Byte)
    SysTick_Handler                          0x08000c49   Thumb Code    12  systick.o(i.SysTick_Handler)
    SystemInit                               0x08000c55   Thumb Code   194  system_gd32f4xx.o(i.SystemInit)
    System_Init                              0x08000d29   Thumb Code    34  implement.o(i.System_Init)
    USART0_Config                            0x08000d4d   Thumb Code   166  usart0.o(i.USART0_Config)
    USART0_IRQHandler                        0x08000dfd   Thumb Code    40  usart0.o(i.USART0_IRQHandler)
    UsageFault_Handler                       0x08000e31   Thumb Code     4  gd32f4xx_it.o(i.UsageFault_Handler)
    UsrFunction                              0x08000e35   Thumb Code    24  implement.o(i.UsrFunction)
    __0printf$8                              0x08000e85   Thumb Code    22  printf8.o(i.__0printf$8)
    __1printf$8                              0x08000e85   Thumb Code     0  printf8.o(i.__0printf$8)
    __2printf                                0x08000e85   Thumb Code     0  printf8.o(i.__0printf$8)
    __0sprintf$8                             0x08000ea5   Thumb Code    34  printf8.o(i.__0sprintf$8)
    __1sprintf$8                             0x08000ea5   Thumb Code     0  printf8.o(i.__0sprintf$8)
    __2sprintf                               0x08000ea5   Thumb Code     0  printf8.o(i.__0sprintf$8)
    __scatterload_copy                       0x08000ecd   Thumb Code    14  handlers.o(i.__scatterload_copy)
    __scatterload_null                       0x08000edb   Thumb Code     2  handlers.o(i.__scatterload_null)
    __scatterload_zeroinit                   0x08000edd   Thumb Code    14  handlers.o(i.__scatterload_zeroinit)
    delay_1ms                                0x0800134d   Thumb Code    16  systick.o(i.delay_1ms)
    delay_decrement                          0x08001361   Thumb Code    18  systick.o(i.delay_decrement)
    fputc                                    0x08001379   Thumb Code    32  usart0.o(i.fputc)
    gpio_af_set                              0x0800139d   Thumb Code    94  gd32f4xx_gpio.o(i.gpio_af_set)
    gpio_bit_reset                           0x080013fb   Thumb Code     4  gd32f4xx_gpio.o(i.gpio_bit_reset)
    gpio_bit_set                             0x080013ff   Thumb Code     4  gd32f4xx_gpio.o(i.gpio_bit_set)
    gpio_input_bit_get                       0x08001403   Thumb Code    16  gd32f4xx_gpio.o(i.gpio_input_bit_get)
    gpio_mode_set                            0x08001413   Thumb Code    78  gd32f4xx_gpio.o(i.gpio_mode_set)
    gpio_output_options_set                  0x08001461   Thumb Code    66  gd32f4xx_gpio.o(i.gpio_output_options_set)
    led1_task                                0x080014a3   Thumb Code    10  led.o(i.led1_task)
    led_control                              0x080014ad   Thumb Code   118  led.o(i.led_control)
    led_toggle                               0x08001529   Thumb Code    42  led.o(i.led_toggle)
    main                                     0x08001559   Thumb Code    14  main.o(i.main)
    memory_compare                           0x08001567   Thumb Code    34  implement.o(i.memory_compare)
    pmu_backup_write_enable                  0x08001589   Thumb Code    14  gd32f4xx_pmu.o(i.pmu_backup_write_enable)
    process_data                             0x0800159d   Thumb Code    16  usart0.o(i.process_data)
    rcu_all_reset_flag_clear                 0x080015b5   Thumb Code    14  gd32f4xx_rcu.o(i.rcu_all_reset_flag_clear)
    rcu_clock_freq_get                       0x080015c9   Thumb Code   264  gd32f4xx_rcu.o(i.rcu_clock_freq_get)
    rcu_flag_get                             0x080016ed   Thumb Code    32  gd32f4xx_rcu.o(i.rcu_flag_get)
    rcu_osci_on                              0x08001711   Thumb Code    32  gd32f4xx_rcu.o(i.rcu_osci_on)
    rcu_osci_stab_wait                       0x08001735   Thumb Code   342  gd32f4xx_rcu.o(i.rcu_osci_stab_wait)
    rcu_periph_clock_enable                  0x08001891   Thumb Code    32  gd32f4xx_rcu.o(i.rcu_periph_clock_enable)
    rcu_periph_reset_disable                 0x080018b5   Thumb Code    32  gd32f4xx_rcu.o(i.rcu_periph_reset_disable)
    rcu_periph_reset_enable                  0x080018d9   Thumb Code    32  gd32f4xx_rcu.o(i.rcu_periph_reset_enable)
    rcu_rtc_clock_config                     0x080018fd   Thumb Code    18  gd32f4xx_rcu.o(i.rcu_rtc_clock_config)
    rtc_current_time_get                     0x08001915   Thumb Code    96  gd32f4xx_rtc.o(i.rtc_current_time_get)
    rtc_init                                 0x08001979   Thumb Code   216  gd32f4xx_rtc.o(i.rtc_init)
    rtc_init_mode_enter                      0x08001a55   Thumb Code    66  gd32f4xx_rtc.o(i.rtc_init_mode_enter)
    rtc_init_mode_exit                       0x08001a9d   Thumb Code    14  gd32f4xx_rtc.o(i.rtc_init_mode_exit)
    rtc_pre_config                           0x08001ab1   Thumb Code    52  rtc.o(i.rtc_pre_config)
    rtc_register_sync_wait                   0x08001aed   Thumb Code    92  gd32f4xx_rtc.o(i.rtc_register_sync_wait)
    rtc_setup                                0x08001b4d   Thumb Code   298  rtc.o(i.rtc_setup)
    rtc_show_time                            0x08001dd1   Thumb Code    38  rtc.o(i.rtc_show_time)
    scheduler_add_task                       0x08001e39   Thumb Code    98  scheduler_1.o(i.scheduler_add_task)
    scheduler_disable_task                   0x08001ea5   Thumb Code    20  scheduler_1.o(i.scheduler_disable_task)
    scheduler_enable_task                    0x08001ec1   Thumb Code    36  scheduler_1.o(i.scheduler_enable_task)
    scheduler_get_task_count                 0x08001eed   Thumb Code     6  scheduler_1.o(i.scheduler_get_task_count)
    scheduler_init                           0x08001ef9   Thumb Code    62  scheduler_1.o(i.scheduler_init)
    scheduler_run                            0x08001f41   Thumb Code    60  scheduler_1.o(i.scheduler_run)
    scheduler_test_demo                      0x08001f85   Thumb Code   274  implement.o(i.scheduler_test_demo)
    scheduler_tick                           0x080021e5   Thumb Code    94  scheduler_1.o(i.scheduler_tick)
    spi_enable                               0x0800224d   Thumb Code    10  gd32f4xx_spi.o(i.spi_enable)
    spi_flash_buffer_read                    0x08002259   Thumb Code    80  spi_flash.o(i.spi_flash_buffer_read)
    spi_flash_buffer_write                   0x080022ad   Thumb Code   198  spi_flash.o(i.spi_flash_buffer_write)
    spi_flash_init                           0x08002375   Thumb Code   146  spi_flash.o(i.spi_flash_init)
    spi_flash_page_write                     0x08002411   Thumb Code    86  spi_flash.o(i.spi_flash_page_write)
    spi_flash_read_id                        0x0800246d   Thumb Code    78  spi_flash.o(i.spi_flash_read_id)
    spi_flash_sector_erase                   0x080024c1   Thumb Code    62  spi_flash.o(i.spi_flash_sector_erase)
    spi_flash_send_byte                      0x08002505   Thumb Code    50  spi_flash.o(i.spi_flash_send_byte)
    spi_flash_wait_for_write_end             0x0800253d   Thumb Code    50  spi_flash.o(i.spi_flash_wait_for_write_end)
    spi_flash_write_enable                   0x08002575   Thumb Code    30  spi_flash.o(i.spi_flash_write_enable)
    spi_i2s_data_receive                     0x08002599   Thumb Code     8  gd32f4xx_spi.o(i.spi_i2s_data_receive)
    spi_i2s_data_transmit                    0x080025a1   Thumb Code     4  gd32f4xx_spi.o(i.spi_i2s_data_transmit)
    spi_i2s_flag_get                         0x080025a5   Thumb Code    16  gd32f4xx_spi.o(i.spi_i2s_flag_get)
    spi_init                                 0x080025b5   Thumb Code    50  gd32f4xx_spi.o(i.spi_init)
    systick_config                           0x080026f9   Thumb Code    78  systick.o(i.systick_config)
    task_display_update                      0x0800274d   Thumb Code    40  implement.o(i.task_display_update)
    task_heartbeat                           0x08002789   Thumb Code    32  implement.o(i.task_heartbeat)
    task_key_scan                            0x080027cd   Thumb Code   164  implement.o(i.task_key_scan)
    task_oled_test                           0x080028c5   Thumb Code   166  implement.o(i.task_oled_test)
    task_rtc_test                            0x080029a5   Thumb Code   124  implement.o(i.task_rtc_test)
    task_spi_flash_test                      0x08002a69   Thumb Code   364  implement.o(i.task_spi_flash_test)
    usart_baudrate_set                       0x08002e11   Thumb Code   224  gd32f4xx_usart.o(i.usart_baudrate_set)
    usart_data_receive                       0x08002ef9   Thumb Code    10  gd32f4xx_usart.o(i.usart_data_receive)
    usart_data_transmit                      0x08002f03   Thumb Code     8  gd32f4xx_usart.o(i.usart_data_transmit)
    usart_deinit                             0x08002f0d   Thumb Code   210  gd32f4xx_usart.o(i.usart_deinit)
    usart_enable                             0x08002fe9   Thumb Code    10  gd32f4xx_usart.o(i.usart_enable)
    usart_flag_get                           0x08002ff3   Thumb Code    30  gd32f4xx_usart.o(i.usart_flag_get)
    usart_hardware_flow_cts_config           0x08003011   Thumb Code    20  gd32f4xx_usart.o(i.usart_hardware_flow_cts_config)
    usart_hardware_flow_rts_config           0x08003025   Thumb Code    20  gd32f4xx_usart.o(i.usart_hardware_flow_rts_config)
    usart_input_threshold                    0x08003039   Thumb Code   122  rtc.o(i.usart_input_threshold)
    usart_interrupt_flag_clear               0x08003121   Thumb Code    26  gd32f4xx_usart.o(i.usart_interrupt_flag_clear)
    usart_interrupt_flag_get                 0x0800313b   Thumb Code    56  gd32f4xx_usart.o(i.usart_interrupt_flag_get)
    usart_parity_config                      0x08003173   Thumb Code    16  gd32f4xx_usart.o(i.usart_parity_config)
    usart_receive_config                     0x08003183   Thumb Code    16  gd32f4xx_usart.o(i.usart_receive_config)
    usart_stop_bit_set                       0x08003193   Thumb Code    16  gd32f4xx_usart.o(i.usart_stop_bit_set)
    usart_transmit_config                    0x080031a3   Thumb Code    16  gd32f4xx_usart.o(i.usart_transmit_config)
    usart_word_length_set                    0x080031b3   Thumb Code    16  gd32f4xx_usart.o(i.usart_word_length_set)
    F6x8                                     0x080031c2   Data         552  oled.o(.constdata)
    F8X16                                    0x080033ea   Data        1520  oled.o(.constdata)
    asc2_1206                                0x080039da   Data        1140  oled.o(.constdata)
    asc2_1608                                0x08003e4e   Data        1520  oled.o(.constdata)
    asc2_2412                                0x0800443e   Data        3420  oled.o(.constdata)
    Region$$Table$$Base                      0x08005234   Number         0  anon$$obj.o(Region$$Table)
    Region$$Table$$Limit                     0x08005254   Number         0  anon$$obj.o(Region$$Table)
    Hzk                                      0x20000008   Data         384  oled.o(.data)
    Hzk1                                     0x20000188   Data         352  oled.o(.data)
    Hzk2                                     0x200002e8   Data         216  oled.o(.data)
    Hzk3                                     0x200003c0   Data         512  oled.o(.data)
    Hzk4                                     0x200005c0   Data        4096  oled.o(.data)
    prescaler_a                              0x200015c0   Data           4  rtc.o(.data)
    prescaler_s                              0x200015c4   Data           4  rtc.o(.data)
    RTCSRC_FLAG                              0x200015c8   Data           4  rtc.o(.data)
    data_recv                                0x200015cc   Data           1  usart0.o(.data)
    adc_value                                0x200015d0   Data           4  implement.o(.data)
    Vol_Value                                0x200015d4   Data           4  implement.o(.data)
    SystemCoreClock                          0x200015f0   Data           4  system_gd32f4xx.o(.data)
    __stdout                                 0x200015f8   Data           4  stdout.o(.data)
    OLED_GRAM                                0x200015fc   Data         576  oled.o(.bss)
    rtc_initpara                             0x2000183c   Data          20  rtc.o(.bss)
    rtc_alarm                                0x20001850   Data          16  rtc.o(.bss)
    __initial_sp                             0x20001d00   Data           0  startup_gd32f450_470.o(STACK)



==============================================================================

Memory Map of the image

  Image Entry point : 0x080001ad

  Load Region LR_IROM1 (Base: 0x08000000, Size: 0x00006850, Max: 0x00080000, ABSOLUTE, COMPRESSED[0x000054b0])

    Execution Region ER_IROM1 (Exec base: 0x08000000, Load base: 0x08000000, Size: 0x00005254, Max: 0x00080000, ABSOLUTE)

    Exec Addr    Load Addr    Size         Type   Attr      Idx    E Section Name        Object

    0x08000000   0x08000000   0x000001ac   Data   RO         6431    RESET               startup_gd32f450_470.o
    0x080001ac   0x080001ac   0x00000000   Code   RO         6495  * .ARM.Collect$$$$00000000  mc_w.l(entry.o)
    0x080001ac   0x080001ac   0x00000004   Code   RO         6761    .ARM.Collect$$$$00000001  mc_w.l(entry2.o)
    0x080001b0   0x080001b0   0x00000004   Code   RO         6764    .ARM.Collect$$$$00000004  mc_w.l(entry5.o)
    0x080001b4   0x080001b4   0x00000000   Code   RO         6766    .ARM.Collect$$$$00000008  mc_w.l(entry7b.o)
    0x080001b4   0x080001b4   0x00000000   Code   RO         6768    .ARM.Collect$$$$0000000A  mc_w.l(entry8b.o)
    0x080001b4   0x080001b4   0x00000008   Code   RO         6769    .ARM.Collect$$$$0000000B  mc_w.l(entry9a.o)
    0x080001bc   0x080001bc   0x00000004   Code   RO         6776    .ARM.Collect$$$$0000000E  mc_w.l(entry12b.o)
    0x080001c0   0x080001c0   0x00000000   Code   RO         6771    .ARM.Collect$$$$0000000F  mc_w.l(entry10a.o)
    0x080001c0   0x080001c0   0x00000000   Code   RO         6773    .ARM.Collect$$$$00000011  mc_w.l(entry11a.o)
    0x080001c0   0x080001c0   0x00000004   Code   RO         6762    .ARM.Collect$$$$00002712  mc_w.l(entry2.o)
    0x080001c4   0x080001c4   0x00000024   Code   RO         6432    .text               startup_gd32f450_470.o
    0x080001e8   0x080001e8   0x00000062   Code   RO         6780    .text               mc_w.l(uldiv.o)
    0x0800024a   0x0800024a   0x00000002   PAD
    0x0800024c   0x0800024c   0x00000024   Code   RO         6793    .text               mc_w.l(init.o)
    0x08000270   0x08000270   0x0000001e   Code   RO         6795    .text               mc_w.l(llshl.o)
    0x0800028e   0x0800028e   0x00000020   Code   RO         6797    .text               mc_w.l(llushr.o)
    0x080002ae   0x080002ae   0x00000056   Code   RO         6811    .text               mc_w.l(__dczerorl2.o)
    0x08000304   0x08000304   0x00000004   Code   RO            3    i.BusFault_Handler  gd32f4xx_it.o
    0x08000308   0x08000308   0x00000002   Code   RO            4    i.DebugMon_Handler  gd32f4xx_it.o
    0x0800030a   0x0800030a   0x00000004   Code   RO            5    i.HardFault_Handler  gd32f4xx_it.o
    0x0800030e   0x0800030e   0x00000002   PAD
    0x08000310   0x08000310   0x00000058   Code   RO          405    i.I2C_Start         oled.o
    0x08000368   0x08000368   0x00000048   Code   RO          406    i.I2C_Stop          oled.o
    0x080003b0   0x080003b0   0x00000078   Code   RO          407    i.I2C_WaitAck       oled.o
    0x08000428   0x08000428   0x00000010   Code   RO          408    i.IIC_delay         oled.o
    0x08000438   0x08000438   0x0000001c   Code   RO          375    i.KEY_Init          key.o
    0x08000454   0x08000454   0x00000028   Code   RO          376    i.KEY_Stat          key.o
    0x0800047c   0x0800047c   0x00000050   Code   RO          296    i.LED_Init          led.o
    0x080004cc   0x080004cc   0x00000004   Code   RO            6    i.MemManage_Handler  gd32f4xx_it.o
    0x080004d0   0x080004d0   0x00000002   Code   RO            7    i.NMI_Handler       gd32f4xx_it.o
    0x080004d2   0x080004d2   0x00000002   PAD
    0x080004d4   0x080004d4   0x00000028   Code   RO          247    i.NVIC_SetPriority  systick.o
    0x080004fc   0x080004fc   0x00000030   Code   RO          409    i.OLED_Clear        oled.o
    0x0800052c   0x0800052c   0x00000060   Code   RO          410    i.OLED_ClearPoint   oled.o
    0x0800058c   0x0800058c   0x00000098   Code   RO          415    i.OLED_DrawCircle   oled.o
    0x08000624   0x08000624   0x00000092   Code   RO          416    i.OLED_DrawLine     oled.o
    0x080006b6   0x080006b6   0x00000002   PAD
    0x080006b8   0x080006b8   0x0000003c   Code   RO          417    i.OLED_DrawPoint    oled.o
    0x080006f4   0x080006f4   0x00000148   Code   RO          418    i.OLED_Init         oled.o
    0x0800083c   0x0800083c   0x0000004c   Code   RO          420    i.OLED_Refresh      oled.o
    0x08000888   0x08000888   0x000000fc   Code   RO          422    i.OLED_ShowChar     oled.o
    0x08000984   0x08000984   0x00000108   Code   RO          423    i.OLED_ShowChinese  oled.o
    0x08000a8c   0x08000a8c   0x00000042   Code   RO          426    i.OLED_ShowString   oled.o
    0x08000ace   0x08000ace   0x00000038   Code   RO          428    i.OLED_WR_Byte      oled.o
    0x08000b06   0x08000b06   0x00000002   Code   RO            8    i.PendSV_Handler    gd32f4xx_it.o
    0x08000b08   0x08000b08   0x000000e0   Code   RO          581    i.RTC_Init          rtc.o
    0x08000be8   0x08000be8   0x00000002   Code   RO            9    i.SVC_Handler       gd32f4xx_it.o
    0x08000bea   0x08000bea   0x00000002   PAD
    0x08000bec   0x08000bec   0x0000005c   Code   RO          429    i.Send_Byte         oled.o
    0x08000c48   0x08000c48   0x0000000c   Code   RO          248    i.SysTick_Handler   systick.o
    0x08000c54   0x08000c54   0x000000d4   Code   RO          910    i.SystemInit        system_gd32f4xx.o
    0x08000d28   0x08000d28   0x00000022   Code   RO          796    i.System_Init       implement.o
    0x08000d4a   0x08000d4a   0x00000002   PAD
    0x08000d4c   0x08000d4c   0x000000b0   Code   RO          745    i.USART0_Config     usart0.o
    0x08000dfc   0x08000dfc   0x00000034   Code   RO          746    i.USART0_IRQHandler  usart0.o
    0x08000e30   0x08000e30   0x00000004   Code   RO           10    i.UsageFault_Handler  gd32f4xx_it.o
    0x08000e34   0x08000e34   0x00000050   Code   RO          797    i.UsrFunction       implement.o
    0x08000e84   0x08000e84   0x00000020   Code   RO         6707    i.__0printf$8       mc_w.l(printf8.o)
    0x08000ea4   0x08000ea4   0x00000028   Code   RO         6709    i.__0sprintf$8      mc_w.l(printf8.o)
    0x08000ecc   0x08000ecc   0x0000000e   Code   RO         6805    i.__scatterload_copy  mc_w.l(handlers.o)
    0x08000eda   0x08000eda   0x00000002   Code   RO         6806    i.__scatterload_null  mc_w.l(handlers.o)
    0x08000edc   0x08000edc   0x0000000e   Code   RO         6807    i.__scatterload_zeroinit  mc_w.l(handlers.o)
    0x08000eea   0x08000eea   0x00000002   PAD
    0x08000eec   0x08000eec   0x00000404   Code   RO         6714    i._printf_core      mc_w.l(printf8.o)
    0x080012f0   0x080012f0   0x00000024   Code   RO         6715    i._printf_post_padding  mc_w.l(printf8.o)
    0x08001314   0x08001314   0x0000002e   Code   RO         6716    i._printf_pre_padding  mc_w.l(printf8.o)
    0x08001342   0x08001342   0x0000000a   Code   RO         6718    i._sputc            mc_w.l(printf8.o)
    0x0800134c   0x0800134c   0x00000014   Code   RO          249    i.delay_1ms         systick.o
    0x08001360   0x08001360   0x00000018   Code   RO          250    i.delay_decrement   systick.o
    0x08001378   0x08001378   0x00000024   Code   RO          748    i.fputc             usart0.o
    0x0800139c   0x0800139c   0x0000005e   Code   RO         3410    i.gpio_af_set       gd32f4xx_gpio.o
    0x080013fa   0x080013fa   0x00000004   Code   RO         3411    i.gpio_bit_reset    gd32f4xx_gpio.o
    0x080013fe   0x080013fe   0x00000004   Code   RO         3412    i.gpio_bit_set      gd32f4xx_gpio.o
    0x08001402   0x08001402   0x00000010   Code   RO         3416    i.gpio_input_bit_get  gd32f4xx_gpio.o
    0x08001412   0x08001412   0x0000004e   Code   RO         3418    i.gpio_mode_set     gd32f4xx_gpio.o
    0x08001460   0x08001460   0x00000042   Code   RO         3420    i.gpio_output_options_set  gd32f4xx_gpio.o
    0x080014a2   0x080014a2   0x0000000a   Code   RO          299    i.led1_task         led.o
    0x080014ac   0x080014ac   0x0000007c   Code   RO          303    i.led_control       led.o
    0x08001528   0x08001528   0x00000030   Code   RO          304    i.led_toggle        led.o
    0x08001558   0x08001558   0x0000000e   Code   RO          190    i.main              main.o
    0x08001566   0x08001566   0x00000022   Code   RO          798    i.memory_compare    implement.o
    0x08001588   0x08001588   0x00000014   Code   RO         4040    i.pmu_backup_write_enable  gd32f4xx_pmu.o
    0x0800159c   0x0800159c   0x00000018   Code   RO          749    i.process_data      usart0.o
    0x080015b4   0x080015b4   0x00000014   Code   RO         4180    i.rcu_all_reset_flag_clear  gd32f4xx_rcu.o
    0x080015c8   0x080015c8   0x00000124   Code   RO         4188    i.rcu_clock_freq_get  gd32f4xx_rcu.o
    0x080016ec   0x080016ec   0x00000024   Code   RO         4191    i.rcu_flag_get      gd32f4xx_rcu.o
    0x08001710   0x08001710   0x00000024   Code   RO         4204    i.rcu_osci_on       gd32f4xx_rcu.o
    0x08001734   0x08001734   0x0000015c   Code   RO         4205    i.rcu_osci_stab_wait  gd32f4xx_rcu.o
    0x08001890   0x08001890   0x00000024   Code   RO         4207    i.rcu_periph_clock_enable  gd32f4xx_rcu.o
    0x080018b4   0x080018b4   0x00000024   Code   RO         4210    i.rcu_periph_reset_disable  gd32f4xx_rcu.o
    0x080018d8   0x080018d8   0x00000024   Code   RO         4211    i.rcu_periph_reset_enable  gd32f4xx_rcu.o
    0x080018fc   0x080018fc   0x00000018   Code   RO         4216    i.rcu_rtc_clock_config  gd32f4xx_rcu.o
    0x08001914   0x08001914   0x00000064   Code   RO         4488    i.rtc_current_time_get  gd32f4xx_rtc.o
    0x08001978   0x08001978   0x000000dc   Code   RO         4493    i.rtc_init          gd32f4xx_rtc.o
    0x08001a54   0x08001a54   0x00000048   Code   RO         4494    i.rtc_init_mode_enter  gd32f4xx_rtc.o
    0x08001a9c   0x08001a9c   0x00000014   Code   RO         4495    i.rtc_init_mode_exit  gd32f4xx_rtc.o
    0x08001ab0   0x08001ab0   0x0000003c   Code   RO          582    i.rtc_pre_config    rtc.o
    0x08001aec   0x08001aec   0x00000060   Code   RO         4500    i.rtc_register_sync_wait  gd32f4xx_rtc.o
    0x08001b4c   0x08001b4c   0x00000284   Code   RO          583    i.rtc_setup         rtc.o
    0x08001dd0   0x08001dd0   0x00000068   Code   RO          585    i.rtc_show_time     rtc.o
    0x08001e38   0x08001e38   0x0000006c   Code   RO         6438    i.scheduler_add_task  scheduler_1.o
    0x08001ea4   0x08001ea4   0x0000001c   Code   RO         6439    i.scheduler_disable_task  scheduler_1.o
    0x08001ec0   0x08001ec0   0x0000002c   Code   RO         6440    i.scheduler_enable_task  scheduler_1.o
    0x08001eec   0x08001eec   0x0000000c   Code   RO         6441    i.scheduler_get_task_count  scheduler_1.o
    0x08001ef8   0x08001ef8   0x00000048   Code   RO         6442    i.scheduler_init    scheduler_1.o
    0x08001f40   0x08001f40   0x00000044   Code   RO         6443    i.scheduler_run     scheduler_1.o
    0x08001f84   0x08001f84   0x00000260   Code   RO          799    i.scheduler_test_demo  implement.o
    0x080021e4   0x080021e4   0x00000068   Code   RO         6444    i.scheduler_tick    scheduler_1.o
    0x0800224c   0x0800224c   0x0000000a   Code   RO         5047    i.spi_enable        gd32f4xx_spi.o
    0x08002256   0x08002256   0x00000002   PAD
    0x08002258   0x08002258   0x00000054   Code   RO          644    i.spi_flash_buffer_read  spi_flash.o
    0x080022ac   0x080022ac   0x000000c6   Code   RO          645    i.spi_flash_buffer_write  spi_flash.o
    0x08002372   0x08002372   0x00000002   PAD
    0x08002374   0x08002374   0x0000009c   Code   RO          647    i.spi_flash_init    spi_flash.o
    0x08002410   0x08002410   0x0000005c   Code   RO          648    i.spi_flash_page_write  spi_flash.o
    0x0800246c   0x0800246c   0x00000054   Code   RO          650    i.spi_flash_read_id  spi_flash.o
    0x080024c0   0x080024c0   0x00000044   Code   RO          651    i.spi_flash_sector_erase  spi_flash.o
    0x08002504   0x08002504   0x00000038   Code   RO          652    i.spi_flash_send_byte  spi_flash.o
    0x0800253c   0x0800253c   0x00000038   Code   RO          655    i.spi_flash_wait_for_write_end  spi_flash.o
    0x08002574   0x08002574   0x00000024   Code   RO          656    i.spi_flash_write_enable  spi_flash.o
    0x08002598   0x08002598   0x00000008   Code   RO         5049    i.spi_i2s_data_receive  gd32f4xx_spi.o
    0x080025a0   0x080025a0   0x00000004   Code   RO         5050    i.spi_i2s_data_transmit  gd32f4xx_spi.o
    0x080025a4   0x080025a4   0x00000010   Code   RO         5052    i.spi_i2s_flag_get  gd32f4xx_spi.o
    0x080025b4   0x080025b4   0x00000032   Code   RO         5057    i.spi_init          gd32f4xx_spi.o
    0x080025e6   0x080025e6   0x00000002   PAD
    0x080025e8   0x080025e8   0x00000108   Code   RO          911    i.system_clock_240m_25m_hxtal  system_gd32f4xx.o
    0x080026f0   0x080026f0   0x00000008   Code   RO          912    i.system_clock_config  system_gd32f4xx.o
    0x080026f8   0x080026f8   0x00000054   Code   RO          251    i.systick_config    systick.o
    0x0800274c   0x0800274c   0x0000003c   Code   RO          800    i.task_display_update  implement.o
    0x08002788   0x08002788   0x00000044   Code   RO          801    i.task_heartbeat    implement.o
    0x080027cc   0x080027cc   0x000000f8   Code   RO          802    i.task_key_scan     implement.o
    0x080028c4   0x080028c4   0x000000e0   Code   RO          803    i.task_oled_test    implement.o
    0x080029a4   0x080029a4   0x000000c4   Code   RO          804    i.task_rtc_test     implement.o
    0x08002a68   0x08002a68   0x000003a8   Code   RO          805    i.task_spi_flash_test  implement.o
    0x08002e10   0x08002e10   0x000000e8   Code   RO         6032    i.usart_baudrate_set  gd32f4xx_usart.o
    0x08002ef8   0x08002ef8   0x0000000a   Code   RO         6036    i.usart_data_receive  gd32f4xx_usart.o
    0x08002f02   0x08002f02   0x00000008   Code   RO         6037    i.usart_data_transmit  gd32f4xx_usart.o
    0x08002f0a   0x08002f0a   0x00000002   PAD
    0x08002f0c   0x08002f0c   0x000000dc   Code   RO         6038    i.usart_deinit      gd32f4xx_usart.o
    0x08002fe8   0x08002fe8   0x0000000a   Code   RO         6042    i.usart_enable      gd32f4xx_usart.o
    0x08002ff2   0x08002ff2   0x0000001e   Code   RO         6044    i.usart_flag_get    gd32f4xx_usart.o
    0x08003010   0x08003010   0x00000014   Code   RO         6049    i.usart_hardware_flow_cts_config  gd32f4xx_usart.o
    0x08003024   0x08003024   0x00000014   Code   RO         6050    i.usart_hardware_flow_rts_config  gd32f4xx_usart.o
    0x08003038   0x08003038   0x000000e8   Code   RO          586    i.usart_input_threshold  rtc.o
    0x08003120   0x08003120   0x0000001a   Code   RO         6053    i.usart_interrupt_flag_clear  gd32f4xx_usart.o
    0x0800313a   0x0800313a   0x00000038   Code   RO         6054    i.usart_interrupt_flag_get  gd32f4xx_usart.o
    0x08003172   0x08003172   0x00000010   Code   RO         6067    i.usart_parity_config  gd32f4xx_usart.o
    0x08003182   0x08003182   0x00000010   Code   RO         6069    i.usart_receive_config  gd32f4xx_usart.o
    0x08003192   0x08003192   0x00000010   Code   RO         6080    i.usart_stop_bit_set  gd32f4xx_usart.o
    0x080031a2   0x080031a2   0x00000010   Code   RO         6084    i.usart_transmit_config  gd32f4xx_usart.o
    0x080031b2   0x080031b2   0x00000010   Code   RO         6085    i.usart_word_length_set  gd32f4xx_usart.o
    0x080031c2   0x080031c2   0x00001fd8   Data   RO          431    .constdata          oled.o
    0x0800519a   0x0800519a   0x00000002   PAD
    0x0800519c   0x0800519c   0x00000044   Data   RO          588    .conststring        rtc.o
    0x080051e0   0x080051e0   0x00000052   Data   RO          807    .conststring        implement.o
    0x08005232   0x08005232   0x00000002   PAD
    0x08005234   0x08005234   0x00000020   Data   RO         6803    Region$$Table       anon$$obj.o


    Execution Region RW_IRAM1 (Exec base: 0x20000000, Load base: 0x08005254, Size: 0x00001d00, Max: 0x00030000, ABSOLUTE, COMPRESSED[0x0000025c])

    Exec Addr    Load Addr    Size         Type   Attr      Idx    E Section Name        Object

    0x20000000   COMPRESSED   0x00000004   Data   RW          252    .data               systick.o
    0x20000004   COMPRESSED   0x00000004   Data   RW          306    .data               led.o
    0x20000008   COMPRESSED   0x000015b8   Data   RW          432    .data               oled.o
    0x200015c0   COMPRESSED   0x0000000c   Data   RW          589    .data               rtc.o
    0x200015cc   COMPRESSED   0x00000001   Data   RW          750    .data               usart0.o
    0x200015cd   COMPRESSED   0x00000003   PAD
    0x200015d0   COMPRESSED   0x0000001f   Data   RW          808    .data               implement.o
    0x200015ef   COMPRESSED   0x00000001   PAD
    0x200015f0   COMPRESSED   0x00000004   Data   RW          913    .data               system_gd32f4xx.o
    0x200015f4   COMPRESSED   0x00000001   Data   RW         6446    .data               scheduler_1.o
    0x200015f5   COMPRESSED   0x00000003   PAD
    0x200015f8   COMPRESSED   0x00000004   Data   RW         6777    .data               mc_w.l(stdout.o)
    0x200015fc        -       0x00000240   Zero   RW          430    .bss                oled.o
    0x2000183c        -       0x00000024   Zero   RW          587    .bss                rtc.o
    0x20001860        -       0x00000020   Zero   RW          806    .bss                implement.o
    0x20001880        -       0x00000080   Zero   RW         6445    .bss                scheduler_1.o
    0x20001900        -       0x00000400   Zero   RW         6429    STACK               startup_gd32f450_470.o


==============================================================================

Image component sizes


      Code (inc. data)   RO Data    RW Data    ZI Data      Debug   Object Name

       262          0          0          0          0       4645   gd32f4xx_gpio.o
        24          0          0          0          0      64808   gd32f4xx_it.o
        20          6          0          0          0        594   gd32f4xx_pmu.o
       864         66          0          0          0       7480   gd32f4xx_rcu.o
       508         24          0          0          0       4566   gd32f4xx_rtc.o
        88          0          0          0          0       4126   gd32f4xx_spi.o
       712         18          0          0          0      10847   gd32f4xx_usart.o
      2488       1232         82         31         32       8019   implement.o
        68          4          0          0          0       1182   key.o
       262         16          0          4          0       2338   led.o
        14          0          0          0          0       1187   main.o
      1932         74       8152       5560        576      13111   oled.o
      1264        644         68         12         36       4313   rtc.o
       436         60          0          1        128       4859   scheduler_1.o
       830         50          0          0          0       7016   spi_flash.o
        36          8        428          0       1024        896   startup_gd32f450_470.o
       484         32          0          4          0       3059   system_gd32f4xx.o
       180         24          0          4          0      29856   systick.o
       288         34          0          1          0       4383   usart0.o

    ----------------------------------------------------------------------
     10778       2292       8766       5624       1796     177285   Object Totals
         0          0         32          0          0          0   (incl. Generated)
        18          0          4          7          0          0   (incl. Padding)

    ----------------------------------------------------------------------

      Code (inc. data)   RO Data    RW Data    ZI Data      Debug   Library Member Name

        86          0          0          0          0          0   __dczerorl2.o
         0          0          0          0          0          0   entry.o
         0          0          0          0          0          0   entry10a.o
         0          0          0          0          0          0   entry11a.o
         4          0          0          0          0          0   entry12b.o
         8          4          0          0          0          0   entry2.o
         4          0          0          0          0          0   entry5.o
         0          0          0          0          0          0   entry7b.o
         0          0          0          0          0          0   entry8b.o
         8          4          0          0          0          0   entry9a.o
        30          0          0          0          0          0   handlers.o
        36          8          0          0          0         68   init.o
        30          0          0          0          0         68   llshl.o
        32          0          0          0          0         68   llushr.o
      1192         60          0          0          0        504   printf8.o
         0          0          0          4          0          0   stdout.o
        98          0          0          0          0         92   uldiv.o

    ----------------------------------------------------------------------
      1532         76          0          4          0        800   Library Totals
         4          0          0          0          0          0   (incl. Padding)

    ----------------------------------------------------------------------

      Code (inc. data)   RO Data    RW Data    ZI Data      Debug   Library Name

      1528         76          0          4          0        800   mc_w.l

    ----------------------------------------------------------------------
      1532         76          0          4          0        800   Library Totals

    ----------------------------------------------------------------------

==============================================================================


      Code (inc. data)   RO Data    RW Data    ZI Data      Debug   

     12310       2368       8766       5628       1796     167105   Grand Totals
     12310       2368       8766        604       1796     167105   ELF Image Totals (compressed)
     12310       2368       8766        604          0          0   ROM Totals

==============================================================================

    Total RO  Size (Code + RO Data)                21076 (  20.58kB)
    Total RW  Size (RW Data + ZI Data)              7424 (   7.25kB)
    Total ROM Size (Code + RO Data + RW Data)      21680 (  21.17kB)

==============================================================================

